<html>
<body>
<pre>
<h1>µVision Build Log</h1>
<h2>Project:</h2>
C:\Users\jdiogo10\Dropbox\jdiogo10+Pher\FreeRTOS_Example\RTOSDemo.uvproj
Project File Date:  09/26/2013

<h2>Output:</h2>
Build target 'Target 1'
compiling system_stm32f4xx.c...
compiling stm32f4xx_usart.c...
compiling stm32f4xx_rcc.c...
compiling stm32f4xx_gpio.c...
compiling misc.c...
compiling croutine.c...
compiling list.c...
compiling queue.c...
compiling tasks.c...
compiling port.c...
compiling heap_2.c...
compiling main.c...
compiling stm32f4_usart.c...
linking...
Program Size: Code=8580 RO-data=424 RW-data=132 ZI-data=78028  
".\Output\RTOSDemo.axf" - 0 Error(s), 0 Warning(s).
Load "C:\\Users\\jdiogo10\\Dropbox\\jdiogo10+Pher\\FreeRTOS_Example\\Output\\RTOSDemo.AXF" 
Erase Done.
Programming Done.
Verify OK.
Build target 'Target 1'
compiling system_stm32f4xx.c...
compiling main.c...
linking...
Program Size: Code=8060 RO-data=424 RW-data=132 ZI-data=78028  
".\Output\RTOSDemo.axf" - 0 Error(s), 0 Warning(s).
