ARM Linker, 5.03 [Build 24] [MDK-ARM Standard]

==============================================================================

Section Cross References

    main.o(i.main) refers to tasks.o(i.xTaskGenericCreate) for xTaskGenericCreate
    main.o(i.main) refers to tasks.o(i.vTaskStartScheduler) for vTaskStartScheduler
    main.o(i.main) refers to main.o(i.vPlayTask) for vPlayTask
    main.o(i.main) refers to main.o(i.vMaisUmaTask) for vMaisUmaTask
    main.o(i.vPlayTask) refers to waveplayer.o(i.WavePlayBack) for WavePlayBack
    stm32f4xx_it.o(i.EXTI0_IRQHandler) refers to stm32f4xx_exti.o(i.EXTI_GetITStatus) for EXTI_GetITStatus
    stm32f4xx_it.o(i.EXTI0_IRQHandler) refers to stm32f4xx_exti.o(i.EXTI_ClearITPendingBit) for EXTI_ClearITPendingBit
    stm32f4xx_it.o(i.EXTI0_IRQHandler) refers to stm32f4xx_it.o(.data) for .data
    system_stm32f4xx.o(i.SystemCoreClockUpdate) refers to system_stm32f4xx.o(.data) for .data
    system_stm32f4xx.o(i.SystemInit) refers to system_stm32f4xx.o(i.SetSysClock) for SetSysClock
    waveplayer.o(i.AudioFlashPlay) refers to stm32f4_discovery_audio_codec.o(i.EVAL_AUDIO_Play) for EVAL_AUDIO_Play
    waveplayer.o(i.EVAL_AUDIO_TransferComplete_CallBack) refers to waveplayer.o(i.AudioFlashPlay) for AudioFlashPlay
    waveplayer.o(i.EVAL_AUDIO_TransferComplete_CallBack) refers to audio_sample.o(.constdata) for AUDIO_SAMPLE
    waveplayer.o(i.EXTILine_Config) refers to stm32f4xx_rcc.o(i.RCC_AHB1PeriphClockCmd) for RCC_AHB1PeriphClockCmd
    waveplayer.o(i.EXTILine_Config) refers to stm32f4xx_rcc.o(i.RCC_APB2PeriphClockCmd) for RCC_APB2PeriphClockCmd
    waveplayer.o(i.EXTILine_Config) refers to stm32f4xx_gpio.o(i.GPIO_Init) for GPIO_Init
    waveplayer.o(i.EXTILine_Config) refers to stm32f4xx_syscfg.o(i.SYSCFG_EXTILineConfig) for SYSCFG_EXTILineConfig
    waveplayer.o(i.EXTILine_Config) refers to stm32f4xx_exti.o(i.EXTI_Init) for EXTI_Init
    waveplayer.o(i.EXTILine_Config) refers to misc.o(i.NVIC_PriorityGroupConfig) for NVIC_PriorityGroupConfig
    waveplayer.o(i.EXTILine_Config) refers to misc.o(i.NVIC_Init) for NVIC_Init
    waveplayer.o(i.WavePlayBack) refers to waveplayer.o(i.WavePlayerInit) for WavePlayerInit
    waveplayer.o(i.WavePlayBack) refers to waveplayer.o(i.AudioFlashPlay) for AudioFlashPlay
    waveplayer.o(i.WavePlayBack) refers to stm32f4_discovery_audio_codec.o(i.EVAL_AUDIO_PauseResume) for EVAL_AUDIO_PauseResume
    waveplayer.o(i.WavePlayBack) refers to waveplayer.o(.data) for .data
    waveplayer.o(i.WavePlayBack) refers to audio_sample.o(.constdata) for AUDIO_SAMPLE
    waveplayer.o(i.WavePlayBack) refers to stm32f4xx_it.o(.data) for PauseResumeStatus
    waveplayer.o(i.WavePlayerInit) refers to waveplayer.o(i.EXTILine_Config) for EXTILine_Config
    waveplayer.o(i.WavePlayerInit) refers to stm32f4_discovery_audio_codec.o(i.EVAL_AUDIO_SetAudioInterface) for EVAL_AUDIO_SetAudioInterface
    waveplayer.o(i.WavePlayerInit) refers to stm32f4_discovery_audio_codec.o(i.EVAL_AUDIO_Init) for EVAL_AUDIO_Init
    waveplayer.o(i.WavePlayerInit) refers to waveplayer.o(.data) for .data
    waveplayer.o(i.WavePlayerPauseResume) refers to stm32f4_discovery_audio_codec.o(i.EVAL_AUDIO_PauseResume) for EVAL_AUDIO_PauseResume
    waveplayer.o(i.WavePlayerStop) refers to stm32f4_discovery_audio_codec.o(i.EVAL_AUDIO_Stop) for EVAL_AUDIO_Stop
    waveplayer.o(i.WaveplayerCtrlVolume) refers to stm32f4_discovery_audio_codec.o(i.EVAL_AUDIO_VolumeCtl) for EVAL_AUDIO_VolumeCtl
    stm32f4_discovery.o(i.STM_EVAL_LEDInit) refers to stm32f4xx_rcc.o(i.RCC_AHB1PeriphClockCmd) for RCC_AHB1PeriphClockCmd
    stm32f4_discovery.o(i.STM_EVAL_LEDInit) refers to stm32f4xx_gpio.o(i.GPIO_Init) for GPIO_Init
    stm32f4_discovery.o(i.STM_EVAL_LEDInit) refers to stm32f4_discovery.o(.constdata) for .constdata
    stm32f4_discovery.o(i.STM_EVAL_LEDInit) refers to stm32f4_discovery.o(.data) for .data
    stm32f4_discovery.o(i.STM_EVAL_LEDOff) refers to stm32f4_discovery.o(.constdata) for .constdata
    stm32f4_discovery.o(i.STM_EVAL_LEDOff) refers to stm32f4_discovery.o(.data) for .data
    stm32f4_discovery.o(i.STM_EVAL_LEDOn) refers to stm32f4_discovery.o(.constdata) for .constdata
    stm32f4_discovery.o(i.STM_EVAL_LEDOn) refers to stm32f4_discovery.o(.data) for .data
    stm32f4_discovery.o(i.STM_EVAL_LEDToggle) refers to stm32f4_discovery.o(.data) for .data
    stm32f4_discovery.o(i.STM_EVAL_LEDToggle) refers to stm32f4_discovery.o(.constdata) for .constdata
    stm32f4_discovery.o(i.STM_EVAL_PBGetState) refers to stm32f4xx_gpio.o(i.GPIO_ReadInputDataBit) for GPIO_ReadInputDataBit
    stm32f4_discovery.o(i.STM_EVAL_PBGetState) refers to stm32f4_discovery.o(.constdata) for .constdata
    stm32f4_discovery.o(i.STM_EVAL_PBGetState) refers to stm32f4_discovery.o(.data) for .data
    stm32f4_discovery.o(i.STM_EVAL_PBInit) refers to stm32f4xx_rcc.o(i.RCC_AHB1PeriphClockCmd) for RCC_AHB1PeriphClockCmd
[...]
    port.o(i.vPortValidateInterruptPriority) refers to port.o(.emb_text) for vPortGetIPSR
    port.o(i.vPortValidateInterruptPriority) refers to port.o(.data) for .data
    port.o(i.xPortStartScheduler) refers to port.o(i.vPortSetupTimerInterrupt) for vPortSetupTimerInterrupt
    port.o(i.xPortStartScheduler) refers to port.o(.emb_text) for __asm___6_port_c_39a90d8d__prvEnableVFP
    port.o(i.xPortStartScheduler) refers to port.o(.data) for .data
    heap_2.o(i.pvPortMalloc) refers to tasks.o(i.vTaskSuspendAll) for vTaskSuspendAll
    heap_2.o(i.pvPortMalloc) refers to tasks.o(i.xTaskResumeAll) for xTaskResumeAll
    heap_2.o(i.pvPortMalloc) refers to heap_2.o(.data) for .data
    heap_2.o(i.pvPortMalloc) refers to heap_2.o(.bss) for .bss
    heap_2.o(i.vPortFree) refers to tasks.o(i.vTaskSuspendAll) for vTaskSuspendAll
    heap_2.o(i.vPortFree) refers to tasks.o(i.xTaskResumeAll) for xTaskResumeAll
    heap_2.o(i.vPortFree) refers to heap_2.o(.data) for .data
    heap_2.o(i.xPortGetFreeHeapSize) refers to heap_2.o(.data) for .data
    entry.o(.ARM.Collect$$$$00000000) refers (Special) to entry10a.o(.ARM.Collect$$$$0000000D) for __rt_final_cpp
    entry.o(.ARM.Collect$$$$00000000) refers (Special) to entry11a.o(.ARM.Collect$$$$0000000F) for __rt_final_exit
    entry.o(.ARM.Collect$$$$00000000) refers (Special) to entry7b.o(.ARM.Collect$$$$00000008) for _main_clock
    entry.o(.ARM.Collect$$$$00000000) refers (Special) to entry8b.o(.ARM.Collect$$$$0000000A) for _main_cpp_init
    entry.o(.ARM.Collect$$$$00000000) refers (Special) to entry9a.o(.ARM.Collect$$$$0000000B) for _main_init
    entry.o(.ARM.Collect$$$$00000000) refers (Special) to entry5.o(.ARM.Collect$$$$00000004) for _main_scatterload
    entry.o(.ARM.Collect$$$$00000000) refers (Special) to entry2.o(.ARM.Collect$$$$00000001) for _main_stk
    entry2.o(.ARM.Collect$$$$00000001) refers to entry2.o(.ARM.Collect$$$$00002712) for __lit__00000000
    entry2.o(.ARM.Collect$$$$00002712) refers to startup_stm32f4xx.o(STACK) for __initial_sp
    entry2.o(__vectab_stack_and_reset_area) refers to startup_stm32f4xx.o(STACK) for __initial_sp
    entry2.o(__vectab_stack_and_reset_area) refers to entry.o(.ARM.Collect$$$$00000000) for __main
    entry5.o(.ARM.Collect$$$$00000004) refers to init.o(.text) for __scatterload
    entry9a.o(.ARM.Collect$$$$0000000B) refers to main.o(i.main) for main
    entry9b.o(.ARM.Collect$$$$0000000C) refers to main.o(i.main) for main
    init.o(.text) refers to entry5.o(.ARM.Collect$$$$00000004) for __main_after_scatterload


==============================================================================

Removing Unused input sections from the image.

    Removing audio_sample.o(.emb_text), (8 bytes).
    Removing main.o(.emb_text), (8 bytes).
    Removing stm32f4xx_it.o(.emb_text), (8 bytes).
    Removing stm32f4xx_it.o(.data), (1 bytes).
    Removing system_stm32f4xx.o(.emb_text), (8 bytes).
    Removing system_stm32f4xx.o(i.SystemCoreClockUpdate), (120 bytes).
    Removing waveplayer.o(.emb_text), (8 bytes).
    Removing waveplayer.o(i.EVAL_AUDIO_Error_CallBack), (2 bytes).
    Removing waveplayer.o(i.EVAL_AUDIO_HalfTransfer_CallBack), (2 bytes).
    Removing waveplayer.o(i.WavePlayerPauseResume), (4 bytes).
    Removing waveplayer.o(i.WavePlayerStop), (6 bytes).
    Removing waveplayer.o(i.WaveplayerCtrlVolume), (10 bytes).
    Removing stm32f4_discovery.o(.emb_text), (8 bytes).
    Removing stm32f4_discovery.o(i.STM_EVAL_LEDInit), (72 bytes).
    Removing stm32f4_discovery.o(i.STM_EVAL_LEDOff), (24 bytes).
    Removing stm32f4_discovery.o(i.STM_EVAL_LEDOn), (24 bytes).
    Removing stm32f4_discovery.o(i.STM_EVAL_LEDToggle), (28 bytes).
    Removing stm32f4_discovery.o(i.STM_EVAL_PBGetState), (24 bytes).
    Removing stm32f4_discovery.o(i.STM_EVAL_PBInit), (152 bytes).
    Removing stm32f4_discovery.o(.constdata), (36 bytes).
    Removing stm32f4_discovery.o(.data), (20 bytes).
    Removing stm32f4_discovery.o(.data), (4 bytes).
    Removing stm32f4_discovery_audio_codec.o(.emb_text), (8 bytes).
    Removing stm32f4_discovery_audio_codec.o(i.Codec_GPIO_DeInit), (100 bytes).
    Removing stm32f4_discovery_audio_codec.o(i.Codec_TIMEOUT_UserCallback), (2 bytes).
    Removing stm32f4_discovery_audio_codec.o(i.EVAL_AUDIO_DeInit), (100 bytes).
    Removing stm32f4_discovery_audio_codec.o(i.EVAL_AUDIO_Mute), (4 bytes).
    Removing stm32f4_discovery_audio_codec.o(i.EVAL_AUDIO_Stop), (120 bytes).
    Removing stm32f4_discovery_audio_codec.o(i.EVAL_AUDIO_VolumeCtl), (24 bytes).
    Removing stm32f4_discovery_audio_codec.o(.bss), (60 bytes).
    Removing misc.o(.emb_text), (8 bytes).
    Removing misc.o(i.NVIC_SetVectorTable), (20 bytes).
    Removing misc.o(i.NVIC_SystemLPConfig), (24 bytes).
    Removing misc.o(i.SysTick_CLKSourceConfig), (24 bytes).
    Removing stm32f4xx_syscfg.o(.emb_text), (8 bytes).
    Removing stm32f4xx_syscfg.o(i.SYSCFG_CompensationCellCmd), (12 bytes).
    Removing stm32f4xx_syscfg.o(i.SYSCFG_DeInit), (24 bytes).
    Removing stm32f4xx_syscfg.o(i.SYSCFG_ETH_MediaInterfaceConfig), (12 bytes).
    Removing stm32f4xx_syscfg.o(i.SYSCFG_GetCompensationCellStatus), (20 bytes).
    Removing stm32f4xx_syscfg.o(i.SYSCFG_MemoryRemapConfig), (12 bytes).
    Removing stm32f4xx_adc.o(.emb_text), (8 bytes).
    Removing stm32f4xx_adc.o(i.ADC_AnalogWatchdogCmd), (16 bytes).
    Removing stm32f4xx_adc.o(i.ADC_AnalogWatchdogSingleChannelConfig), (12 bytes).
    Removing stm32f4xx_adc.o(i.ADC_AnalogWatchdogThresholdsConfig), (6 bytes).
    Removing stm32f4xx_adc.o(i.ADC_AutoInjectedConvCmd), (20 bytes).
    Removing stm32f4xx_adc.o(i.ADC_ClearFlag), (6 bytes).
    Removing stm32f4xx_adc.o(i.ADC_ClearITPendingBit), (8 bytes).
    Removing stm32f4xx_adc.o(i.ADC_Cmd), (20 bytes).
    Removing stm32f4xx_adc.o(i.ADC_CommonInit), (40 bytes).
    Removing stm32f4xx_adc.o(i.ADC_CommonStructInit), (12 bytes).
    Removing stm32f4xx_adc.o(i.ADC_ContinuousModeCmd), (20 bytes).
    Removing stm32f4xx_adc.o(i.ADC_DMACmd), (20 bytes).
    Removing stm32f4xx_adc.o(i.ADC_DMARequestAfterLastTransferCmd), (20 bytes).
    Removing stm32f4xx_adc.o(i.ADC_DeInit), (24 bytes).
    Removing stm32f4xx_adc.o(i.ADC_DiscModeChannelCountConfig), (16 bytes).
    Removing stm32f4xx_adc.o(i.ADC_DiscModeCmd), (20 bytes).
    Removing stm32f4xx_adc.o(i.ADC_EOCOnEachRegularChannelCmd), (20 bytes).
    Removing stm32f4xx_adc.o(i.ADC_ExternalTrigInjectedConvConfig), (12 bytes).
    Removing stm32f4xx_adc.o(i.ADC_ExternalTrigInjectedConvEdgeConfig), (12 bytes).
    Removing stm32f4xx_adc.o(i.ADC_GetConversionValue), (6 bytes).
    Removing stm32f4xx_adc.o(i.ADC_GetFlagStatus), (14 bytes).
    Removing stm32f4xx_adc.o(i.ADC_GetITStatus), (30 bytes).
    Removing stm32f4xx_adc.o(i.ADC_GetInjectedConversionValue), (14 bytes).
    Removing stm32f4xx_adc.o(i.ADC_GetMultiModeConversionValue), (12 bytes).
    Removing stm32f4xx_adc.o(i.ADC_GetSoftwareStartConvStatus), (14 bytes).
    Removing stm32f4xx_adc.o(i.ADC_GetSoftwareStartInjectedConvCmdStatus), (14 bytes).
    Removing stm32f4xx_adc.o(i.ADC_ITConfig), (18 bytes).
    Removing stm32f4xx_adc.o(i.ADC_Init), (76 bytes).
    Removing stm32f4xx_adc.o(i.ADC_InjectedChannelConfig), (74 bytes).
    Removing stm32f4xx_adc.o(i.ADC_InjectedDiscModeCmd), (20 bytes).
    Removing stm32f4xx_adc.o(i.ADC_InjectedSequencerLengthConfig), (16 bytes).
    Removing stm32f4xx_adc.o(i.ADC_MultiModeDMARequestAfterLastTransferCmd), (32 bytes).
    Removing stm32f4xx_adc.o(i.ADC_RegularChannelConfig), (116 bytes).
    Removing stm32f4xx_adc.o(i.ADC_SetInjectedOffset), (10 bytes).
    Removing stm32f4xx_adc.o(i.ADC_SoftwareStartConv), (10 bytes).
    Removing stm32f4xx_adc.o(i.ADC_SoftwareStartInjectedConv), (10 bytes).
    Removing stm32f4xx_adc.o(i.ADC_StructInit), (20 bytes).
    Removing stm32f4xx_adc.o(i.ADC_TempSensorVrefintCmd), (32 bytes).
    Removing stm32f4xx_adc.o(i.ADC_VBATCmd), (32 bytes).
    Removing stm32f4xx_dac.o(.emb_text), (8 bytes).
    Removing stm32f4xx_dac.o(i.DAC_ClearFlag), (12 bytes).
    Removing stm32f4xx_dac.o(i.DAC_ClearITPendingBit), (12 bytes).
    Removing stm32f4xx_dac.o(i.DAC_DMACmd), (24 bytes).
    Removing stm32f4xx_dac.o(i.DAC_DeInit), (24 bytes).
    Removing stm32f4xx_dac.o(i.DAC_DualSoftwareTriggerCmd), (28 bytes).
    Removing stm32f4xx_dac.o(i.DAC_GetDataOutputValue), (24 bytes).
    Removing stm32f4xx_dac.o(i.DAC_GetFlagStatus), (24 bytes).
    Removing stm32f4xx_dac.o(i.DAC_GetITStatus), (36 bytes).
    Removing stm32f4xx_dac.o(i.DAC_ITConfig), (24 bytes).
    Removing stm32f4xx_dac.o(i.DAC_SetChannel2Data), (20 bytes).
    Removing stm32f4xx_dac.o(i.DAC_SetDualChannelData), (28 bytes).
    Removing stm32f4xx_dac.o(i.DAC_SoftwareTriggerCmd), (28 bytes).
    Removing stm32f4xx_dac.o(i.DAC_StructInit), (12 bytes).
    Removing stm32f4xx_dac.o(i.DAC_WaveGenerationCmd), (24 bytes).
    Removing stm32f4xx_dma.o(.emb_text), (8 bytes).
    Removing stm32f4xx_dma.o(i.DMA_ClearITPendingBit), (44 bytes).
    Removing stm32f4xx_dma.o(i.DMA_DoubleBufferModeCmd), (20 bytes).
    Removing stm32f4xx_dma.o(i.DMA_DoubleBufferModeConfig), (22 bytes).
    Removing stm32f4xx_dma.o(i.DMA_FlowControllerConfig), (20 bytes).
    Removing stm32f4xx_dma.o(i.DMA_GetCurrDataCounter), (6 bytes).
    Removing stm32f4xx_dma.o(i.DMA_GetCurrentMemoryTarget), (14 bytes).
    Removing stm32f4xx_dma.o(i.DMA_GetFIFOStatus), (8 bytes).
    Removing stm32f4xx_dma.o(i.DMA_GetITStatus), (84 bytes).
    Removing stm32f4xx_dma.o(i.DMA_MemoryTargetConfig), (10 bytes).
    Removing stm32f4xx_dma.o(i.DMA_PeriphIncOffsetSizeConfig), (20 bytes).
    Removing stm32f4xx_dma.o(i.DMA_SetCurrDataCounter), (4 bytes).
    Removing stm32f4xx_dma.o(i.DMA_StructInit), (34 bytes).
    Removing stm32f4xx_exti.o(.emb_text), (8 bytes).
    Removing stm32f4xx_exti.o(i.EXTI_ClearFlag), (12 bytes).
    Removing stm32f4xx_exti.o(i.EXTI_DeInit), (36 bytes).
    Removing stm32f4xx_exti.o(i.EXTI_GenerateSWInterrupt), (16 bytes).
    Removing stm32f4xx_exti.o(i.EXTI_GetFlagStatus), (20 bytes).
    Removing stm32f4xx_exti.o(i.EXTI_StructInit), (14 bytes).
    Removing stm32f4xx_flash.o(.emb_text), (8 bytes).
    Removing stm32f4xx_flash.o(i.FLASH_ClearFlag), (12 bytes).
    Removing stm32f4xx_flash.o(i.FLASH_DataCacheCmd), (28 bytes).
    Removing stm32f4xx_flash.o(i.FLASH_DataCacheReset), (16 bytes).
    Removing stm32f4xx_flash.o(i.FLASH_EraseAllSectors), (92 bytes).
    Removing stm32f4xx_flash.o(i.FLASH_EraseSector), (108 bytes).
    Removing stm32f4xx_flash.o(i.FLASH_GetFlagStatus), (20 bytes).
    Removing stm32f4xx_flash.o(i.FLASH_GetStatus), (52 bytes).
    Removing stm32f4xx_flash.o(i.FLASH_ITConfig), (24 bytes).
    Removing stm32f4xx_flash.o(i.FLASH_InstructionCacheCmd), (28 bytes).
    Removing stm32f4xx_flash.o(i.FLASH_InstructionCacheReset), (16 bytes).
    Removing stm32f4xx_flash.o(i.FLASH_Lock), (16 bytes).
    Removing stm32f4xx_flash.o(i.FLASH_OB_BORConfig), (24 bytes).
    Removing stm32f4xx_flash.o(i.FLASH_OB_GetBOR), (16 bytes).
    Removing stm32f4xx_flash.o(i.FLASH_OB_GetRDP), (20 bytes).
    Removing stm32f4xx_flash.o(i.FLASH_OB_GetUser), (16 bytes).
    Removing stm32f4xx_flash.o(i.FLASH_OB_GetWRP), (12 bytes).
    Removing stm32f4xx_flash.o(i.FLASH_OB_Launch), (20 bytes).
    Removing stm32f4xx_flash.o(i.FLASH_OB_Lock), (16 bytes).
    Removing stm32f4xx_flash.o(i.FLASH_OB_RDPConfig), (24 bytes).
    Removing stm32f4xx_flash.o(i.FLASH_OB_Unlock), (36 bytes).
    Removing stm32f4xx_flash.o(i.FLASH_OB_UserConfig), (40 bytes).
    Removing stm32f4xx_flash.o(i.FLASH_OB_WRPConfig), (36 bytes).
    Removing stm32f4xx_flash.o(i.FLASH_PrefetchBufferCmd), (28 bytes).
    Removing stm32f4xx_flash.o(i.FLASH_ProgramByte), (56 bytes).
    Removing stm32f4xx_flash.o(i.FLASH_ProgramDoubleWord), (64 bytes).
    Removing stm32f4xx_flash.o(i.FLASH_ProgramHalfWord), (60 bytes).
    Removing stm32f4xx_flash.o(i.FLASH_ProgramWord), (60 bytes).
    Removing stm32f4xx_flash.o(i.FLASH_SetLatency), (12 bytes).
    Removing stm32f4xx_flash.o(i.FLASH_Unlock), (36 bytes).
    Removing stm32f4xx_flash.o(i.FLASH_WaitForLastOperation), (30 bytes).
    Removing stm32f4xx_gpio.o(.emb_text), (8 bytes).
    Removing stm32f4xx_gpio.o(i.GPIO_DeInit), (228 bytes).
    Removing stm32f4xx_gpio.o(i.GPIO_PinLockConfig), (24 bytes).
    Removing stm32f4xx_gpio.o(i.GPIO_ReadInputData), (6 bytes).
    Removing stm32f4xx_gpio.o(i.GPIO_ReadInputDataBit), (14 bytes).
    Removing stm32f4xx_gpio.o(i.GPIO_ReadOutputData), (6 bytes).
    Removing stm32f4xx_gpio.o(i.GPIO_ReadOutputDataBit), (14 bytes).
    Removing stm32f4xx_gpio.o(i.GPIO_ResetBits), (4 bytes).
    Removing stm32f4xx_gpio.o(i.GPIO_SetBits), (4 bytes).
    Removing stm32f4xx_gpio.o(i.GPIO_StructInit), (18 bytes).
    Removing stm32f4xx_gpio.o(i.GPIO_ToggleBits), (8 bytes).
    Removing stm32f4xx_gpio.o(i.GPIO_Write), (4 bytes).
    Removing stm32f4xx_i2c.o(.emb_text), (8 bytes).
    Removing stm32f4xx_i2c.o(i.I2C_ARPCmd), (20 bytes).
    Removing stm32f4xx_i2c.o(i.I2C_CalculatePEC), (20 bytes).
    Removing stm32f4xx_i2c.o(i.I2C_ClearITPendingBit), (6 bytes).
    Removing stm32f4xx_i2c.o(i.I2C_DMACmd), (20 bytes).
    Removing stm32f4xx_i2c.o(i.I2C_DMALastTransferCmd), (20 bytes).
    Removing stm32f4xx_i2c.o(i.I2C_DualAddressCmd), (20 bytes).
    Removing stm32f4xx_i2c.o(i.I2C_FastModeDutyCycleConfig), (22 bytes).
    Removing stm32f4xx_i2c.o(i.I2C_GeneralCallCmd), (20 bytes).
    Removing stm32f4xx_i2c.o(i.I2C_GetITStatus), (36 bytes).
    Removing stm32f4xx_i2c.o(i.I2C_GetLastEvent), (14 bytes).
    Removing stm32f4xx_i2c.o(i.I2C_GetPEC), (6 bytes).
    Removing stm32f4xx_i2c.o(i.I2C_ITConfig), (16 bytes).
    Removing stm32f4xx_i2c.o(i.I2C_NACKPositionConfig), (22 bytes).
    Removing stm32f4xx_i2c.o(i.I2C_OwnAddress2Config), (16 bytes).
    Removing stm32f4xx_i2c.o(i.I2C_PECPositionConfig), (22 bytes).
    Removing stm32f4xx_i2c.o(i.I2C_ReadRegister), (10 bytes).
    Removing stm32f4xx_i2c.o(i.I2C_SMBusAlertConfig), (22 bytes).
    Removing stm32f4xx_i2c.o(i.I2C_SoftwareResetCmd), (20 bytes).
    Removing stm32f4xx_i2c.o(i.I2C_StretchClockCmd), (20 bytes).
    Removing stm32f4xx_i2c.o(i.I2C_StructInit), (28 bytes).
    Removing stm32f4xx_i2c.o(i.I2C_TransmitPEC), (20 bytes).
    Removing stm32f4xx_rcc.o(.emb_text), (8 bytes).
    Removing stm32f4xx_rcc.o(i.RCC_AHB1PeriphClockLPModeCmd), (24 bytes).
    Removing stm32f4xx_rcc.o(i.RCC_AHB1PeriphResetCmd), (24 bytes).
    Removing stm32f4xx_rcc.o(i.RCC_AHB2PeriphClockCmd), (24 bytes).
    Removing stm32f4xx_rcc.o(i.RCC_AHB2PeriphClockLPModeCmd), (24 bytes).
    Removing stm32f4xx_rcc.o(i.RCC_AHB2PeriphResetCmd), (24 bytes).
    Removing stm32f4xx_rcc.o(i.RCC_AHB3PeriphClockCmd), (24 bytes).
    Removing stm32f4xx_rcc.o(i.RCC_AHB3PeriphClockLPModeCmd), (24 bytes).
    Removing stm32f4xx_rcc.o(i.RCC_AHB3PeriphResetCmd), (24 bytes).
    Removing stm32f4xx_rcc.o(i.RCC_APB1PeriphClockLPModeCmd), (24 bytes).
    Removing stm32f4xx_rcc.o(i.RCC_APB2PeriphClockLPModeCmd), (24 bytes).
    Removing stm32f4xx_rcc.o(i.RCC_AdjustHSICalibrationValue), (20 bytes).
    Removing stm32f4xx_rcc.o(i.RCC_BackupResetCmd), (12 bytes).
    Removing stm32f4xx_rcc.o(i.RCC_ClearFlag), (16 bytes).
    Removing stm32f4xx_rcc.o(i.RCC_ClearITPendingBit), (12 bytes).
    Removing stm32f4xx_rcc.o(i.RCC_ClockSecuritySystemCmd), (12 bytes).
    Removing stm32f4xx_rcc.o(i.RCC_DeInit), (60 bytes).
    Removing stm32f4xx_rcc.o(i.RCC_GetFlagStatus), (52 bytes).
    Removing stm32f4xx_rcc.o(i.RCC_GetITStatus), (20 bytes).
    Removing stm32f4xx_rcc.o(i.RCC_GetSYSCLKSource), (16 bytes).
    Removing stm32f4xx_rcc.o(i.RCC_HCLKConfig), (20 bytes).
    Removing stm32f4xx_rcc.o(i.RCC_HSEConfig), (16 bytes).
    Removing stm32f4xx_rcc.o(i.RCC_HSICmd), (12 bytes).
    Removing stm32f4xx_rcc.o(i.RCC_I2SCLKConfig), (12 bytes).
    Removing stm32f4xx_rcc.o(i.RCC_ITConfig), (24 bytes).
    Removing stm32f4xx_rcc.o(i.RCC_LSEConfig), (28 bytes).
    Removing stm32f4xx_rcc.o(i.RCC_LSICmd), (12 bytes).
    Removing stm32f4xx_rcc.o(i.RCC_MCO1Config), (20 bytes).
    Removing stm32f4xx_rcc.o(i.RCC_MCO2Config), (20 bytes).
    Removing stm32f4xx_rcc.o(i.RCC_PCLK1Config), (20 bytes).
    Removing stm32f4xx_rcc.o(i.RCC_PCLK2Config), (20 bytes).
    Removing stm32f4xx_rcc.o(i.RCC_PLLCmd), (12 bytes).
    Removing stm32f4xx_rcc.o(i.RCC_PLLConfig), (40 bytes).
    Removing stm32f4xx_rcc.o(i.RCC_PLLI2SCmd), (12 bytes).
    Removing stm32f4xx_rcc.o(i.RCC_PLLI2SConfig), (16 bytes).
    Removing stm32f4xx_rcc.o(i.RCC_RTCCLKCmd), (12 bytes).
    Removing stm32f4xx_rcc.o(i.RCC_RTCCLKConfig), (48 bytes).
    Removing stm32f4xx_rcc.o(i.RCC_SYSCLKConfig), (20 bytes).
    Removing stm32f4xx_rcc.o(i.RCC_WaitForHSEStartUp), (44 bytes).
    Removing stm32f4xx_spi.o(.emb_text), (8 bytes).
    Removing stm32f4xx_spi.o(i.I2S_FullDuplexConfig), (58 bytes).
    Removing stm32f4xx_spi.o(i.I2S_StructInit), (18 bytes).
    Removing stm32f4xx_spi.o(i.SPI_BiDirectionalLineConfig), (22 bytes).
    Removing stm32f4xx_spi.o(i.SPI_CalculateCRC), (20 bytes).
    Removing stm32f4xx_spi.o(i.SPI_Cmd), (20 bytes).
    Removing stm32f4xx_spi.o(i.SPI_DataSizeConfig), (16 bytes).
    Removing stm32f4xx_spi.o(i.SPI_GetCRC), (12 bytes).
    Removing stm32f4xx_spi.o(i.SPI_GetCRCPolynomial), (4 bytes).
    Removing stm32f4xx_spi.o(i.SPI_I2S_ClearFlag), (6 bytes).
    Removing stm32f4xx_spi.o(i.SPI_I2S_ClearITPendingBit), (14 bytes).
    Removing stm32f4xx_spi.o(i.SPI_I2S_GetITStatus), (42 bytes).
    Removing stm32f4xx_spi.o(i.SPI_I2S_ReceiveData), (4 bytes).
    Removing stm32f4xx_spi.o(i.SPI_Init), (56 bytes).
    Removing stm32f4xx_spi.o(i.SPI_NSSInternalSoftwareConfig), (24 bytes).
    Removing stm32f4xx_spi.o(i.SPI_SSOutputCmd), (20 bytes).
    Removing stm32f4xx_spi.o(i.SPI_StructInit), (24 bytes).
    Removing stm32f4xx_spi.o(i.SPI_TIModeCmd), (20 bytes).
    Removing stm32f4xx_spi.o(i.SPI_TransmitCRC), (10 bytes).
    Removing stm32f4xx_tim.o(.emb_text), (8 bytes).
    Removing stm32f4xx_tim.o(i.TI1_Config), (46 bytes).
    Removing stm32f4xx_tim.o(i.TI2_Config), (54 bytes).
    Removing stm32f4xx_tim.o(i.TIM_ARRPreloadConfig), (20 bytes).
    Removing stm32f4xx_tim.o(i.TIM_BDTRConfig), (34 bytes).
    Removing stm32f4xx_tim.o(i.TIM_BDTRStructInit), (18 bytes).
    Removing stm32f4xx_tim.o(i.TIM_CCPreloadControl), (20 bytes).
    Removing stm32f4xx_tim.o(i.TIM_CCxCmd), (22 bytes).
    Removing stm32f4xx_tim.o(i.TIM_CCxNCmd), (22 bytes).
    Removing stm32f4xx_tim.o(i.TIM_ClearFlag), (6 bytes).
    Removing stm32f4xx_tim.o(i.TIM_ClearITPendingBit), (6 bytes).
    Removing stm32f4xx_tim.o(i.TIM_ClearOC1Ref), (12 bytes).
    Removing stm32f4xx_tim.o(i.TIM_ClearOC2Ref), (20 bytes).
    Removing stm32f4xx_tim.o(i.TIM_ClearOC3Ref), (12 bytes).
    Removing stm32f4xx_tim.o(i.TIM_ClearOC4Ref), (20 bytes).
    Removing stm32f4xx_tim.o(i.TIM_Cmd), (20 bytes).
    Removing stm32f4xx_tim.o(i.TIM_CounterModeConfig), (12 bytes).
    Removing stm32f4xx_tim.o(i.TIM_CtrlPWMOutputs), (22 bytes).
    Removing stm32f4xx_tim.o(i.TIM_DMACmd), (16 bytes).
    Removing stm32f4xx_tim.o(i.TIM_DMAConfig), (8 bytes).
    Removing stm32f4xx_tim.o(i.TIM_DeInit), (336 bytes).
    Removing stm32f4xx_tim.o(i.TIM_ETRClockMode1Config), (18 bytes).
    Removing stm32f4xx_tim.o(i.TIM_ETRClockMode2Config), (18 bytes).
    Removing stm32f4xx_tim.o(i.TIM_ETRConfig), (24 bytes).
    Removing stm32f4xx_tim.o(i.TIM_EncoderInterfaceConfig), (50 bytes).
    Removing stm32f4xx_tim.o(i.TIM_ForcedOC1Config), (12 bytes).
    Removing stm32f4xx_tim.o(i.TIM_ForcedOC2Config), (20 bytes).
    Removing stm32f4xx_tim.o(i.TIM_ForcedOC3Config), (12 bytes).
    Removing stm32f4xx_tim.o(i.TIM_ForcedOC4Config), (20 bytes).
    Removing stm32f4xx_tim.o(i.TIM_GenerateEvent), (4 bytes).
    Removing stm32f4xx_tim.o(i.TIM_GetCapture1), (4 bytes).
    Removing stm32f4xx_tim.o(i.TIM_GetCapture2), (4 bytes).
    Removing stm32f4xx_tim.o(i.TIM_GetCapture3), (4 bytes).
    Removing stm32f4xx_tim.o(i.TIM_GetCapture4), (4 bytes).
    Removing stm32f4xx_tim.o(i.TIM_GetCounter), (4 bytes).
    Removing stm32f4xx_tim.o(i.TIM_GetFlagStatus), (14 bytes).
    Removing stm32f4xx_tim.o(i.TIM_GetITStatus), (24 bytes).
    Removing stm32f4xx_tim.o(i.TIM_GetPrescaler), (4 bytes).
    Removing stm32f4xx_tim.o(i.TIM_ICInit), (172 bytes).
    Removing stm32f4xx_tim.o(i.TIM_ICStructInit), (16 bytes).
    Removing stm32f4xx_tim.o(i.TIM_ITConfig), (16 bytes).
    Removing stm32f4xx_tim.o(i.TIM_ITRxExternalClockConfig), (18 bytes).
    Removing stm32f4xx_tim.o(i.TIM_InternalClockConfig), (10 bytes).
    Removing stm32f4xx_tim.o(i.TIM_OC1FastConfig), (12 bytes).
    Removing stm32f4xx_tim.o(i.TIM_OC1Init), (96 bytes).
    Removing stm32f4xx_tim.o(i.TIM_OC1NPolarityConfig), (12 bytes).
    Removing stm32f4xx_tim.o(i.TIM_OC1PolarityConfig), (12 bytes).
    Removing stm32f4xx_tim.o(i.TIM_OC1PreloadConfig), (12 bytes).
    Removing stm32f4xx_tim.o(i.TIM_OC2FastConfig), (20 bytes).
    Removing stm32f4xx_tim.o(i.TIM_OC2Init), (128 bytes).
    Removing stm32f4xx_tim.o(i.TIM_OC2NPolarityConfig), (20 bytes).
    Removing stm32f4xx_tim.o(i.TIM_OC2PolarityConfig), (20 bytes).
    Removing stm32f4xx_tim.o(i.TIM_OC2PreloadConfig), (20 bytes).
    Removing stm32f4xx_tim.o(i.TIM_OC3FastConfig), (12 bytes).
    Removing stm32f4xx_tim.o(i.TIM_OC3Init), (124 bytes).
    Removing stm32f4xx_tim.o(i.TIM_OC3NPolarityConfig), (20 bytes).
    Removing stm32f4xx_tim.o(i.TIM_OC3PolarityConfig), (20 bytes).
    Removing stm32f4xx_tim.o(i.TIM_OC3PreloadConfig), (12 bytes).
    Removing stm32f4xx_tim.o(i.TIM_OC4FastConfig), (20 bytes).
    Removing stm32f4xx_tim.o(i.TIM_OC4Init), (96 bytes).
    Removing stm32f4xx_tim.o(i.TIM_OC4PolarityConfig), (20 bytes).
    Removing stm32f4xx_tim.o(i.TIM_OC4PreloadConfig), (20 bytes).
    Removing stm32f4xx_tim.o(i.TIM_OCStructInit), (20 bytes).
    Removing stm32f4xx_tim.o(i.TIM_PWMIConfig), (108 bytes).
    Removing stm32f4xx_tim.o(i.TIM_PrescalerConfig), (6 bytes).
    Removing stm32f4xx_tim.o(i.TIM_RemapConfig), (6 bytes).
    Removing stm32f4xx_tim.o(i.TIM_SelectCCDMA), (20 bytes).
    Removing stm32f4xx_tim.o(i.TIM_SelectCOM), (20 bytes).
    Removing stm32f4xx_tim.o(i.TIM_SelectHallSensor), (20 bytes).
    Removing stm32f4xx_tim.o(i.TIM_SelectInputTrigger), (12 bytes).
    Removing stm32f4xx_tim.o(i.TIM_SelectMasterSlaveMode), (16 bytes).
    Removing stm32f4xx_tim.o(i.TIM_SelectOCxM), (74 bytes).
    Removing stm32f4xx_tim.o(i.TIM_SelectOnePulseMode), (16 bytes).
    Removing stm32f4xx_tim.o(i.TIM_SelectOutputTrigger), (16 bytes).
    Removing stm32f4xx_tim.o(i.TIM_SelectSlaveMode), (16 bytes).
    Removing stm32f4xx_tim.o(i.TIM_SetAutoreload), (4 bytes).
    Removing stm32f4xx_tim.o(i.TIM_SetClockDivision), (16 bytes).
    Removing stm32f4xx_tim.o(i.TIM_SetCompare1), (4 bytes).
    Removing stm32f4xx_tim.o(i.TIM_SetCompare2), (4 bytes).
    Removing stm32f4xx_tim.o(i.TIM_SetCompare3), (4 bytes).
    Removing stm32f4xx_tim.o(i.TIM_SetCompare4), (4 bytes).
    Removing stm32f4xx_tim.o(i.TIM_SetCounter), (4 bytes).
    Removing stm32f4xx_tim.o(i.TIM_SetIC1Prescaler), (16 bytes).
    Removing stm32f4xx_tim.o(i.TIM_SetIC2Prescaler), (24 bytes).
    Removing stm32f4xx_tim.o(i.TIM_SetIC3Prescaler), (16 bytes).
    Removing stm32f4xx_tim.o(i.TIM_SetIC4Prescaler), (24 bytes).
    Removing stm32f4xx_tim.o(i.TIM_TIxExternalClockConfig), (46 bytes).
    Removing stm32f4xx_tim.o(i.TIM_TimeBaseInit), (124 bytes).
    Removing stm32f4xx_tim.o(i.TIM_TimeBaseStructInit), (18 bytes).
    Removing stm32f4xx_tim.o(i.TIM_UpdateDisableConfig), (20 bytes).
    Removing stm32f4xx_tim.o(i.TIM_UpdateRequestConfig), (20 bytes).
    Removing startup_stm32f4xx.o(HEAP), (512 bytes).
    Removing croutine.o(i.prvCheckDelayedList), (132 bytes).
    Removing croutine.o(i.vCoRoutineAddToDelayedList), (64 bytes).
    Removing croutine.o(i.vCoRoutineSchedule), (156 bytes).
    Removing croutine.o(i.xCoRoutineCreate), (176 bytes).
    Removing croutine.o(i.xCoRoutineRemoveFromEventList), (52 bytes).
    Removing croutine.o(.bss), (100 bytes).
    Removing croutine.o(.data), (28 bytes).
    Removing list.o(i.vListInsert), (48 bytes).
    Removing queue.o(i.prvCopyDataFromQueue), (40 bytes).
    Removing queue.o(i.prvCopyDataToQueue), (88 bytes).
    Removing queue.o(i.prvUnlockQueue), (100 bytes).
    Removing queue.o(i.uxQueueMessagesWaiting), (26 bytes).
    Removing queue.o(i.uxQueueMessagesWaitingFromISR), (14 bytes).
    Removing queue.o(i.vQueueDelete), (28 bytes).
    Removing queue.o(i.xQueueGenericCreate), (60 bytes).
    Removing queue.o(i.xQueueGenericReceive), (258 bytes).
    Removing queue.o(i.xQueueGenericReset), (106 bytes).
    Removing queue.o(i.xQueueGenericSend), (256 bytes).
    Removing queue.o(i.xQueueGenericSendFromISR), (140 bytes).
    Removing queue.o(i.xQueueIsQueueEmptyFromISR), (22 bytes).
    Removing queue.o(i.xQueueIsQueueFullFromISR), (26 bytes).
    Removing queue.o(i.xQueuePeekFromISR), (74 bytes).
    Removing queue.o(i.xQueueReceiveFromISR), (118 bytes).
    Removing tasks.o(i.prvAddCurrentTaskToDelayedList), (52 bytes).
    Removing tasks.o(i.uxTaskGetNumberOfTasks), (12 bytes).
    Removing tasks.o(i.uxTaskPriorityGet), (28 bytes).
    Removing tasks.o(i.vTaskDelay), (52 bytes).
    Removing tasks.o(i.vTaskDelayUntil), (96 bytes).
    Removing tasks.o(i.vTaskDelete), (88 bytes).
    Removing tasks.o(i.vTaskEndScheduler), (24 bytes).
    Removing tasks.o(i.vTaskMissedYield), (12 bytes).
    Removing tasks.o(i.vTaskPlaceOnEventList), (68 bytes).
    Removing tasks.o(i.vTaskPrioritySet), (140 bytes).
    Removing tasks.o(i.vTaskResume), (100 bytes).
    Removing tasks.o(i.vTaskSetTimeOutState), (28 bytes).
    Removing tasks.o(i.vTaskSuspend), (96 bytes).
    Removing tasks.o(i.xTaskCheckForTimeOut), (88 bytes).
    Removing tasks.o(i.xTaskGetTickCount), (24 bytes).
    Removing tasks.o(i.xTaskGetTickCountFromISR), (28 bytes).
    Removing tasks.o(i.xTaskIsTaskSuspended), (44 bytes).
    Removing tasks.o(i.xTaskRemoveFromEventList), (96 bytes).
    Removing tasks.o(i.xTaskResumeFromISR), (124 bytes).
    Removing port.o(i.vPortEndScheduler), (2 bytes).
    Removing port.o(i.vPortValidateInterruptPriority), (64 bytes).
    Removing heap_2.o(i.vPortInitialiseBlocks), (2 bytes).
    Removing heap_2.o(i.xPortGetFreeHeapSize), (12 bytes).

374 unused section(s) (total 12319 bytes) removed from the image.

==============================================================================

Image Symbol Table

    Local Symbols

    Symbol Name                              Value     Ov Type        Size  Object(Section)

    ../clib/microlib/init/entry.s            0x00000000   Number         0  entry.o ABSOLUTE
    ../clib/microlib/init/entry.s            0x00000000   Number         0  entry11b.o ABSOLUTE
    ../clib/microlib/init/entry.s            0x00000000   Number         0  entry11a.o ABSOLUTE
    ../clib/microlib/init/entry.s            0x00000000   Number         0  entry10b.o ABSOLUTE
    ../clib/microlib/init/entry.s            0x00000000   Number         0  entry10a.o ABSOLUTE
    ../clib/microlib/init/entry.s            0x00000000   Number         0  entry9b.o ABSOLUTE
    ../clib/microlib/init/entry.s            0x00000000   Number         0  entry9a.o ABSOLUTE
    ../clib/microlib/init/entry.s            0x00000000   Number         0  entry8b.o ABSOLUTE
    ../clib/microlib/init/entry.s            0x00000000   Number         0  entry8a.o ABSOLUTE
    ../clib/microlib/init/entry.s            0x00000000   Number         0  entry7b.o ABSOLUTE
    ../clib/microlib/init/entry.s            0x00000000   Number         0  entry7a.o ABSOLUTE
    ../clib/microlib/init/entry.s            0x00000000   Number         0  entry5.o ABSOLUTE
    ../clib/microlib/init/entry.s            0x00000000   Number         0  entry2.o ABSOLUTE
    ../clib/microlib/string/memcpy.c         0x00000000   Number         0  memcpyb.o ABSOLUTE
    ../clib/microlib/string/memcpy.c         0x00000000   Number         0  memcpya.o ABSOLUTE
    ../clib/microlib/string/memset.c         0x00000000   Number         0  memseta.o ABSOLUTE
    FreeRTOS\Source\croutine.c               0x00000000   Number         0  croutine.o ABSOLUTE
    FreeRTOS\Source\list.c                   0x00000000   Number         0  list.o ABSOLUTE
    FreeRTOS\Source\portable\MemMang\heap_2.c 0x00000000   Number         0  heap_2.o ABSOLUTE
    FreeRTOS\Source\portable\RVDS\ARM_CM4F\port.c 0x00000000   Number         0  port.o ABSOLUTE
    FreeRTOS\Source\queue.c                  0x00000000   Number         0  queue.o ABSOLUTE
    FreeRTOS\Source\tasks.c                  0x00000000   Number         0  tasks.o ABSOLUTE
    FreeRTOS\\Source\\portable\\RVDS\\ARM_CM4F\\port.c 0x00000000   Number         0  port.o ABSOLUTE
    STM32F407xx_Lib\CMSIS\ST\STM32F4xx\Source\Templates\arm\startup_stm32f4xx.s 0x00000000   Number         0  startup_stm32f4xx.o ABSOLUTE
    STM32F407xx_Lib\STM32F4-Discovery\stm32f4_discovery.c 0x00000000   Number         0  stm32f4_discovery.o ABSOLUTE
    STM32F407xx_Lib\STM32F4-Discovery\stm32f4_discovery_audio_codec.c 0x00000000   Number         0  stm32f4_discovery_audio_codec.o ABSOLUTE
    STM32F407xx_Lib\STM32F4xx_StdPeriph_Driver\src\misc.c 0x00000000   Number         0  misc.o ABSOLUTE
    STM32F407xx_Lib\STM32F4xx_StdPeriph_Driver\src\stm32f4xx_adc.c 0x00000000   Number         0  stm32f4xx_adc.o ABSOLUTE
    STM32F407xx_Lib\STM32F4xx_StdPeriph_Driver\src\stm32f4xx_dac.c 0x00000000   Number         0  stm32f4xx_dac.o ABSOLUTE
    STM32F407xx_Lib\STM32F4xx_StdPeriph_Driver\src\stm32f4xx_dma.c 0x00000000   Number         0  stm32f4xx_dma.o ABSOLUTE
    STM32F407xx_Lib\STM32F4xx_StdPeriph_Driver\src\stm32f4xx_exti.c 0x00000000   Number         0  stm32f4xx_exti.o ABSOLUTE
    STM32F407xx_Lib\STM32F4xx_StdPeriph_Driver\src\stm32f4xx_flash.c 0x00000000   Number         0  stm32f4xx_flash.o ABSOLUTE
    STM32F407xx_Lib\STM32F4xx_StdPeriph_Driver\src\stm32f4xx_gpio.c 0x00000000   Number         0  stm32f4xx_gpio.o ABSOLUTE
    STM32F407xx_Lib\STM32F4xx_StdPeriph_Driver\src\stm32f4xx_i2c.c 0x00000000   Number         0  stm32f4xx_i2c.o ABSOLUTE
    STM32F407xx_Lib\STM32F4xx_StdPeriph_Driver\src\stm32f4xx_rcc.c 0x00000000   Number         0  stm32f4xx_rcc.o ABSOLUTE
    STM32F407xx_Lib\STM32F4xx_StdPeriph_Driver\src\stm32f4xx_spi.c 0x00000000   Number         0  stm32f4xx_spi.o ABSOLUTE
    STM32F407xx_Lib\STM32F4xx_StdPeriph_Driver\src\stm32f4xx_syscfg.c 0x00000000   Number         0  stm32f4xx_syscfg.o ABSOLUTE
    STM32F407xx_Lib\STM32F4xx_StdPeriph_Driver\src\stm32f4xx_tim.c 0x00000000   Number         0  stm32f4xx_tim.o ABSOLUTE
    STM32F407xx_Lib\\STM32F4-Discovery\\stm32f4_discovery.c 0x00000000   Number         0  stm32f4_discovery.o ABSOLUTE
    STM32F407xx_Lib\\STM32F4-Discovery\\stm32f4_discovery_audio_codec.c 0x00000000   Number         0  stm32f4_discovery_audio_codec.o ABSOLUTE
    STM32F407xx_Lib\\STM32F4xx_StdPeriph_Driver\\src\\misc.c 0x00000000   Number         0  misc.o ABSOLUTE
    STM32F407xx_Lib\\STM32F4xx_StdPeriph_Driver\\src\\stm32f4xx_adc.c 0x00000000   Number         0  stm32f4xx_adc.o ABSOLUTE
    STM32F407xx_Lib\\STM32F4xx_StdPeriph_Driver\\src\\stm32f4xx_dac.c 0x00000000   Number         0  stm32f4xx_dac.o ABSOLUTE
    STM32F407xx_Lib\\STM32F4xx_StdPeriph_Driver\\src\\stm32f4xx_dma.c 0x00000000   Number         0  stm32f4xx_dma.o ABSOLUTE
    STM32F407xx_Lib\\STM32F4xx_StdPeriph_Driver\\src\\stm32f4xx_exti.c 0x00000000   Number         0  stm32f4xx_exti.o ABSOLUTE
    STM32F407xx_Lib\\STM32F4xx_StdPeriph_Driver\\src\\stm32f4xx_flash.c 0x00000000   Number         0  stm32f4xx_flash.o ABSOLUTE
    STM32F407xx_Lib\\STM32F4xx_StdPeriph_Driver\\src\\stm32f4xx_gpio.c 0x00000000   Number         0  stm32f4xx_gpio.o ABSOLUTE
    STM32F407xx_Lib\\STM32F4xx_StdPeriph_Driver\\src\\stm32f4xx_i2c.c 0x00000000   Number         0  stm32f4xx_i2c.o ABSOLUTE
    STM32F407xx_Lib\\STM32F4xx_StdPeriph_Driver\\src\\stm32f4xx_rcc.c 0x00000000   Number         0  stm32f4xx_rcc.o ABSOLUTE
    STM32F407xx_Lib\\STM32F4xx_StdPeriph_Driver\\src\\stm32f4xx_spi.c 0x00000000   Number         0  stm32f4xx_spi.o ABSOLUTE
    STM32F407xx_Lib\\STM32F4xx_StdPeriph_Driver\\src\\stm32f4xx_syscfg.c 0x00000000   Number         0  stm32f4xx_syscfg.o ABSOLUTE
    STM32F407xx_Lib\\STM32F4xx_StdPeriph_Driver\\src\\stm32f4xx_tim.c 0x00000000   Number         0  stm32f4xx_tim.o ABSOLUTE
    dc.s                                     0x00000000   Number         0  dc.o ABSOLUTE
    handlers.s                               0x00000000   Number         0  handlers.o ABSOLUTE
    init.s                                   0x00000000   Number         0  init.o ABSOLUTE
    src\\audio_sample.c                      0x00000000   Number         0  audio_sample.o ABSOLUTE
    src\\main.c                              0x00000000   Number         0  main.o ABSOLUTE
    src\\stm32f4xx_it.c                      0x00000000   Number         0  stm32f4xx_it.o ABSOLUTE
    src\\system_stm32f4xx.c                  0x00000000   Number         0  system_stm32f4xx.o ABSOLUTE
    src\\waveplayer.c                        0x00000000   Number         0  waveplayer.o ABSOLUTE
    src\audio_sample.c                       0x00000000   Number         0  audio_sample.o ABSOLUTE
    src\main.c                               0x00000000   Number         0  main.o ABSOLUTE
    src\stm32f4xx_it.c                       0x00000000   Number         0  stm32f4xx_it.o ABSOLUTE
    src\system_stm32f4xx.c                   0x00000000   Number         0  system_stm32f4xx.o ABSOLUTE
    src\waveplayer.c                         0x00000000   Number         0  waveplayer.o ABSOLUTE
    RESET                                    0x08000000   Section      392  startup_stm32f4xx.o(RESET)
    .ARM.Collect$$$$00000000                 0x08000188   Section        0  entry.o(.ARM.Collect$$$$00000000)
    .ARM.Collect$$$$00000001                 0x08000188   Section        4  entry2.o(.ARM.Collect$$$$00000001)
    .ARM.Collect$$$$00000004                 0x0800018c   Section        4  entry5.o(.ARM.Collect$$$$00000004)
    .ARM.Collect$$$$00000008                 0x08000190   Section        0  entry7b.o(.ARM.Collect$$$$00000008)
    .ARM.Collect$$$$0000000A                 0x08000190   Section        0  entry8b.o(.ARM.Collect$$$$0000000A)
    .ARM.Collect$$$$0000000B                 0x08000190   Section        8  entry9a.o(.ARM.Collect$$$$0000000B)
    .ARM.Collect$$$$0000000D                 0x08000198   Section        0  entry10a.o(.ARM.Collect$$$$0000000D)
    .ARM.Collect$$$$0000000F                 0x08000198   Section        0  entry11a.o(.ARM.Collect$$$$0000000F)
    .ARM.Collect$$$$00002712                 0x08000198   Section        4  entry2.o(.ARM.Collect$$$$00002712)
    __lit__00000000                          0x08000198   Data           4  entry2.o(.ARM.Collect$$$$00002712)
    .emb_text                                0x0800019c   Section      174  port.o(.emb_text)
    $v0                                      0x0800019c   Number         0  port.o(.emb_text)
    .text                                    0x0800024c   Section       36  startup_stm32f4xx.o(.text)
    $v0                                      0x0800024c   Number         0  startup_stm32f4xx.o(.text)
    .text                                    0x08000270   Section        0  memseta.o(.text)
    .text                                    0x08000294   Section       36  init.o(.text)
    i.AudioFlashPlay                         0x080002b8   Section        0  waveplayer.o(i.AudioFlashPlay)
    i.Audio_MAL_IRQHandler                   0x080002c4   Section        0  stm32f4_discovery_audio_codec.o(i.Audio_MAL_IRQHandler)
    Audio_MAL_IRQHandler                     0x080002c5   Thumb Code   148  stm32f4_discovery_audio_codec.o(i.Audio_MAL_IRQHandler)
    i.Audio_MAL_Init                         0x08000360   Section        0  stm32f4_discovery_audio_codec.o(i.Audio_MAL_Init)
    Audio_MAL_Init                           0x08000361   Thumb Code   190  stm32f4_discovery_audio_codec.o(i.Audio_MAL_Init)
    i.Audio_MAL_Play                         0x0800042c   Section        0  stm32f4_discovery_audio_codec.o(i.Audio_MAL_Play)
    i.Codec_AudioInterface_Init              0x0800047c   Section        0  stm32f4_discovery_audio_codec.o(i.Codec_AudioInterface_Init)
    Codec_AudioInterface_Init                0x0800047d   Thumb Code    98  stm32f4_discovery_audio_codec.o(i.Codec_AudioInterface_Init)
    i.Codec_GPIO_Init                        0x080004e8   Section        0  stm32f4_discovery_audio_codec.o(i.Codec_GPIO_Init)
    Codec_GPIO_Init                          0x080004e9   Thumb Code   262  stm32f4_discovery_audio_codec.o(i.Codec_GPIO_Init)
    i.Codec_Init                             0x08000604   Section        0  stm32f4_discovery_audio_codec.o(i.Codec_Init)
    Codec_Init                               0x08000605   Thumb Code   282  stm32f4_discovery_audio_codec.o(i.Codec_Init)
    i.Codec_Mute                             0x0800072c   Section        0  stm32f4_discovery_audio_codec.o(i.Codec_Mute)
    Codec_Mute                               0x0800072d   Thumb Code    18  stm32f4_discovery_audio_codec.o(i.Codec_Mute)
    i.Codec_ReadRegister                     0x08000744   Section        0  stm32f4_discovery_audio_codec.o(i.Codec_ReadRegister)
    Codec_ReadRegister                       0x08000745   Thumb Code   340  stm32f4_discovery_audio_codec.o(i.Codec_ReadRegister)
    i.Codec_Reset                            0x080008b0   Section        0  stm32f4_discovery_audio_codec.o(i.Codec_Reset)
    Codec_Reset                              0x080008b1   Thumb Code    36  stm32f4_discovery_audio_codec.o(i.Codec_Reset)
    i.Codec_VolumeCtrl                       0x080008d8   Section        0  stm32f4_discovery_audio_codec.o(i.Codec_VolumeCtrl)
    Codec_VolumeCtrl                         0x080008d9   Thumb Code    38  stm32f4_discovery_audio_codec.o(i.Codec_VolumeCtrl)
    i.Codec_WriteRegister                    0x08000900   Section        0  stm32f4_discovery_audio_codec.o(i.Codec_WriteRegister)
    Codec_WriteRegister                      0x08000901   Thumb Code   230  stm32f4_discovery_audio_codec.o(i.Codec_WriteRegister)
    i.DAC_Cmd                                0x080009fc   Section        0  stm32f4xx_dac.o(i.DAC_Cmd)
    i.DAC_Config                             0x08000a14   Section        0  stm32f4_discovery_audio_codec.o(i.DAC_Config)
    i.DAC_Init                               0x08000a64   Section        0  stm32f4xx_dac.o(i.DAC_Init)
    i.DAC_SetChannel1Data                    0x08000a8c   Section        0  stm32f4xx_dac.o(i.DAC_SetChannel1Data)
    i.DMA1_Stream0_IRQHandler                0x08000aa0   Section        0  stm32f4_discovery_audio_codec.o(i.DMA1_Stream0_IRQHandler)
    i.DMA1_Stream7_IRQHandler                0x08000aa4   Section        0  stm32f4_discovery_audio_codec.o(i.DMA1_Stream7_IRQHandler)
    i.DMA_ClearFlag                          0x08000aa8   Section        0  stm32f4xx_dma.o(i.DMA_ClearFlag)
    i.DMA_Cmd                                0x08000ad4   Section        0  stm32f4xx_dma.o(i.DMA_Cmd)
    i.DMA_DeInit                             0x08000ae8   Section        0  stm32f4xx_dma.o(i.DMA_DeInit)
    i.DMA_GetCmdStatus                       0x08000c0c   Section        0  stm32f4xx_dma.o(i.DMA_GetCmdStatus)
    i.DMA_GetFlagStatus                      0x08000c1c   Section        0  stm32f4xx_dma.o(i.DMA_GetFlagStatus)
    i.DMA_ITConfig                           0x08000c50   Section        0  stm32f4xx_dma.o(i.DMA_ITConfig)
    i.DMA_Init                               0x08000c84   Section        0  stm32f4xx_dma.o(i.DMA_Init)
    i.Delay                                  0x08000cd8   Section        0  stm32f4_discovery_audio_codec.o(i.Delay)
    Delay                                    0x08000cd9   Thumb Code    16  stm32f4_discovery_audio_codec.o(i.Delay)
    i.EVAL_AUDIO_GetSampleCallBack           0x08000ce8   Section        0  waveplayer.o(i.EVAL_AUDIO_GetSampleCallBack)
    i.EVAL_AUDIO_Init                        0x08000cec   Section        0  stm32f4_discovery_audio_codec.o(i.EVAL_AUDIO_Init)
    i.EVAL_AUDIO_PauseResume                 0x08000d14   Section        0  stm32f4_discovery_audio_codec.o(i.EVAL_AUDIO_PauseResume)
    i.EVAL_AUDIO_Play                        0x08000d98   Section        0  stm32f4_discovery_audio_codec.o(i.EVAL_AUDIO_Play)
    i.EVAL_AUDIO_SetAudioInterface           0x08000de4   Section        0  stm32f4_discovery_audio_codec.o(i.EVAL_AUDIO_SetAudioInterface)
    i.EVAL_AUDIO_TransferComplete_CallBack   0x08000e70   Section        0  waveplayer.o(i.EVAL_AUDIO_TransferComplete_CallBack)
    i.EXTI0_IRQHandler                       0x08000e84   Section        0  stm32f4xx_it.o(i.EXTI0_IRQHandler)
    i.EXTILine_Config                        0x08000eb0   Section        0  waveplayer.o(i.EXTILine_Config)
    EXTILine_Config                          0x08000eb1   Thumb Code   108  waveplayer.o(i.EXTILine_Config)
    i.EXTI_ClearITPendingBit                 0x08000f20   Section        0  stm32f4xx_exti.o(i.EXTI_ClearITPendingBit)
    i.EXTI_GetITStatus                       0x08000f2c   Section        0  stm32f4xx_exti.o(i.EXTI_GetITStatus)
    i.EXTI_Init                              0x08000f4c   Section        0  stm32f4xx_exti.o(i.EXTI_Init)
    i.GPIO_Init                              0x08000fbc   Section        0  stm32f4xx_gpio.o(i.GPIO_Init)
    i.GPIO_PinAFConfig                       0x0800105e   Section        0  stm32f4xx_gpio.o(i.GPIO_PinAFConfig)
    i.GPIO_WriteBit                          0x0800107e   Section        0  stm32f4xx_gpio.o(i.GPIO_WriteBit)
    i.I2C_AcknowledgeConfig                  0x08001088   Section        0  stm32f4xx_i2c.o(i.I2C_AcknowledgeConfig)
    i.I2C_CheckEvent                         0x0800109c   Section        0  stm32f4xx_i2c.o(i.I2C_CheckEvent)
    i.I2C_ClearFlag                          0x080010b4   Section        0  stm32f4xx_i2c.o(i.I2C_ClearFlag)
    i.I2C_Cmd                                0x080010ba   Section        0  stm32f4xx_i2c.o(i.I2C_Cmd)
    i.I2C_DeInit                             0x080010d0   Section        0  stm32f4xx_i2c.o(i.I2C_DeInit)
    i.I2C_GenerateSTART                      0x08001114   Section        0  stm32f4xx_i2c.o(i.I2C_GenerateSTART)
    i.I2C_GenerateSTOP                       0x08001128   Section        0  stm32f4xx_i2c.o(i.I2C_GenerateSTOP)
    i.I2C_GetFlagStatus                      0x0800113c   Section        0  stm32f4xx_i2c.o(i.I2C_GetFlagStatus)
    i.I2C_Init                               0x08001168   Section        0  stm32f4xx_i2c.o(i.I2C_Init)
    i.I2C_ReceiveData                        0x0800121c   Section        0  stm32f4xx_i2c.o(i.I2C_ReceiveData)
    i.I2C_Send7bitAddress                    0x08001222   Section        0  stm32f4xx_i2c.o(i.I2C_Send7bitAddress)
    i.I2C_SendData                           0x08001232   Section        0  stm32f4xx_i2c.o(i.I2C_SendData)
    i.I2S_Cmd                                0x08001236   Section        0  stm32f4xx_spi.o(i.I2S_Cmd)
    i.I2S_Init                               0x0800124c   Section        0  stm32f4xx_spi.o(i.I2S_Init)
    i.NVIC_Init                              0x08001314   Section        0  misc.o(i.NVIC_Init)
    i.NVIC_PriorityGroupConfig               0x08001378   Section        0  misc.o(i.NVIC_PriorityGroupConfig)
    i.RCC_AHB1PeriphClockCmd                 0x0800138c   Section        0  stm32f4xx_rcc.o(i.RCC_AHB1PeriphClockCmd)
    i.RCC_APB1PeriphClockCmd                 0x080013a4   Section        0  stm32f4xx_rcc.o(i.RCC_APB1PeriphClockCmd)
    i.RCC_APB1PeriphResetCmd                 0x080013bc   Section        0  stm32f4xx_rcc.o(i.RCC_APB1PeriphResetCmd)
    i.RCC_APB2PeriphClockCmd                 0x080013d4   Section        0  stm32f4xx_rcc.o(i.RCC_APB2PeriphClockCmd)
    i.RCC_APB2PeriphResetCmd                 0x080013ec   Section        0  stm32f4xx_rcc.o(i.RCC_APB2PeriphResetCmd)
    i.RCC_GetClocksFreq                      0x08001404   Section        0  stm32f4xx_rcc.o(i.RCC_GetClocksFreq)
    i.SPI3_IRQHandler                        0x08001494   Section        0  stm32f4_discovery_audio_codec.o(i.SPI3_IRQHandler)
    i.SPI_I2S_DMACmd                         0x080014d4   Section        0  stm32f4xx_spi.o(i.SPI_I2S_DMACmd)
    i.SPI_I2S_DeInit                         0x080014e4   Section        0  stm32f4xx_spi.o(i.SPI_I2S_DeInit)
    i.SPI_I2S_GetFlagStatus                  0x08001538   Section        0  stm32f4xx_spi.o(i.SPI_I2S_GetFlagStatus)
    i.SPI_I2S_ITConfig                       0x08001546   Section        0  stm32f4xx_spi.o(i.SPI_I2S_ITConfig)
    i.SPI_I2S_SendData                       0x0800155e   Section        0  stm32f4xx_spi.o(i.SPI_I2S_SendData)
    i.SYSCFG_EXTILineConfig                  0x08001564   Section        0  stm32f4xx_syscfg.o(i.SYSCFG_EXTILineConfig)
    i.SetSysClock                            0x0800158c   Section        0  system_stm32f4xx.o(i.SetSysClock)
    SetSysClock                              0x0800158d   Thumb Code   190  system_stm32f4xx.o(i.SetSysClock)
    i.SysTick_Handler                        0x08001664   Section        0  port.o(i.SysTick_Handler)
    i.SystemInit                             0x08001688   Section        0  system_stm32f4xx.o(i.SystemInit)
    i.WavePlayBack                           0x080016e4   Section        0  waveplayer.o(i.WavePlayBack)
    i.WavePlayerInit                         0x0800171c   Section        0  waveplayer.o(i.WavePlayerInit)
    i.__scatterload_copy                     0x08001740   Section       14  handlers.o(i.__scatterload_copy)
    i.__scatterload_null                     0x0800174e   Section        2  handlers.o(i.__scatterload_null)
    i.__scatterload_zeroinit                 0x08001750   Section       14  handlers.o(i.__scatterload_zeroinit)
    i.main                                   0x08001760   Section        0  main.o(i.main)
    i.prvCheckTasksWaitingTermination        0x080017c0   Section        0  tasks.o(i.prvCheckTasksWaitingTermination)
    prvCheckTasksWaitingTermination          0x080017c1   Thumb Code    76  tasks.o(i.prvCheckTasksWaitingTermination)
    i.prvIdleTask                            0x08001814   Section        0  tasks.o(i.prvIdleTask)
    prvIdleTask                              0x08001815   Thumb Code    20  tasks.o(i.prvIdleTask)
    i.pvPortMalloc                           0x0800182c   Section        0  heap_2.o(i.pvPortMalloc)
    i.pxPortInitialiseStack                  0x080018e4   Section        0  port.o(i.pxPortInitialiseStack)
    i.uxListRemove                           0x08001906   Section        0  list.o(i.uxListRemove)
    i.vListInitialise                        0x0800192a   Section        0  list.o(i.vListInitialise)
    i.vListInitialiseItem                    0x08001940   Section        0  list.o(i.vListInitialiseItem)
    i.vListInsertEnd                         0x08001946   Section        0  list.o(i.vListInsertEnd)
    i.vMaisUmaTask                           0x0800195e   Section        0  main.o(i.vMaisUmaTask)
    i.vPlayTask                              0x08001960   Section        0  main.o(i.vPlayTask)
    i.vPortEnterCritical                     0x0800196c   Section        0  port.o(i.vPortEnterCritical)
    i.vPortExitCritical                      0x08001988   Section        0  port.o(i.vPortExitCritical)
    i.vPortFree                              0x0800199c   Section        0  heap_2.o(i.vPortFree)
    i.vPortSetupTimerInterrupt               0x080019d8   Section        0  port.o(i.vPortSetupTimerInterrupt)
    i.vPortYield                             0x080019f8   Section        0  port.o(i.vPortYield)
    i.vTaskStartScheduler                    0x08001a10   Section        0  tasks.o(i.vTaskStartScheduler)
    i.vTaskSuspendAll                        0x08001a5c   Section        0  tasks.o(i.vTaskSuspendAll)
    i.vTaskSwitchContext                     0x08001a6c   Section        0  tasks.o(i.vTaskSwitchContext)
    i.xPortStartScheduler                    0x08001ac4   Section        0  port.o(i.xPortStartScheduler)
    i.xTaskGenericCreate                     0x08001b4c   Section        0  tasks.o(i.xTaskGenericCreate)
    i.xTaskIncrementTick                     0x08001cc8   Section        0  tasks.o(i.xTaskIncrementTick)
    i.xTaskResumeAll                         0x08001d94   Section        0  tasks.o(i.xTaskResumeAll)
    .constdata                               0x08001e48   Section    1003382  audio_sample.o(.constdata)
    .data                                    0x20000000   Section        8  stm32f4xx_it.o(.data)
    anterior                                 0x20000004   Data           4  stm32f4xx_it.o(.data)
    .data                                    0x20000008   Section       20  system_stm32f4xx.o(.data)
    .data                                    0x2000001c   Section        2  waveplayer.o(.data)
    .data                                    0x20000020   Section       64  stm32f4_discovery_audio_codec.o(.data)
    .data                                    0x20000060   Section       16  stm32f4xx_rcc.o(.data)
    APBAHBPrescTable                         0x20000060   Data          16  stm32f4xx_rcc.o(.data)
    .data                                    0x20000070   Section       56  tasks.o(.data)
    uxTasksDeleted                           0x20000074   Data           4  tasks.o(.data)
    uxCurrentNumberOfTasks                   0x20000078   Data           4  tasks.o(.data)
    xTickCount                               0x2000007c   Data           4  tasks.o(.data)
    uxTopReadyPriority                       0x20000080   Data           4  tasks.o(.data)
    xSchedulerRunning                        0x20000084   Data           4  tasks.o(.data)
    uxSchedulerSuspended                     0x20000088   Data           4  tasks.o(.data)
    uxPendedTicks                            0x2000008c   Data           4  tasks.o(.data)
    xYieldPending                            0x20000090   Data           4  tasks.o(.data)
    xNumOfOverflows                          0x20000094   Data           4  tasks.o(.data)
    uxTaskNumber                             0x20000098   Data           4  tasks.o(.data)
    xNextTaskUnblockTime                     0x2000009c   Data           4  tasks.o(.data)
    pxDelayedTaskList                        0x200000a0   Data           4  tasks.o(.data)
    pxOverflowDelayedTaskList                0x200000a4   Data           4  tasks.o(.data)
    .data                                    0x200000a8   Section       12  port.o(.data)
    ucMaxSysCallPriority                     0x200000a8   Data           1  port.o(.data)
    uxCriticalNesting                        0x200000ac   Data           4  port.o(.data)
    ulMaxPRIGROUPValue                       0x200000b0   Data           4  port.o(.data)
    .data                                    0x200000b4   Section       24  heap_2.o(.data)
    xFreeBytesRemaining                      0x200000b4   Data           4  heap_2.o(.data)
    xHeapHasBeenInitialised                  0x200000b8   Data           4  heap_2.o(.data)
    xStart                                   0x200000bc   Data           8  heap_2.o(.data)
    xEnd                                     0x200000c4   Data           8  heap_2.o(.data)
    .bss                                     0x200000cc   Section       60  stm32f4_discovery_audio_codec.o(.bss)
    .bss                                     0x20000108   Section      200  tasks.o(.bss)
    pxReadyTasksLists                        0x20000108   Data         100  tasks.o(.bss)
    xDelayedTaskList1                        0x2000016c   Data          20  tasks.o(.bss)
    xDelayedTaskList2                        0x20000180   Data          20  tasks.o(.bss)
    xPendingReadyList                        0x20000194   Data          20  tasks.o(.bss)
    xTasksWaitingTermination                 0x200001a8   Data          20  tasks.o(.bss)
    xSuspendedTaskList                       0x200001bc   Data          20  tasks.o(.bss)
    .bss                                     0x200001d0   Section    76800  heap_2.o(.bss)
    ucHeap                                   0x200001d0   Data       76800  heap_2.o(.bss)
    STACK                                    0x20012dd0   Section     1024  startup_stm32f4xx.o(STACK)

    Global Symbols

    Symbol Name                              Value     Ov Type        Size  Object(Section)

    BuildAttributes$$THM_ISAv4$E$P$D$K$B$S$7EM$VFPi3$EXTD16$VFPS$VFMA$PE$A:L22UL41UL21$X:L11$S22US41US21$IEEE1$IW$USESV6$~STKCKD$USESV7$~SHL$OSPACE$EBA8$MICROLIB$REQ8$PRES8$EABIv2 0x00000000   Number         0  anon$$obj.o ABSOLUTE
    __ARM_use_no_argv                        0x00000000   Number         0  main.o ABSOLUTE
    __cpp_initialize__aeabi_                  - Undefined Weak Reference
    __cxa_finalize                            - Undefined Weak Reference
    __decompress                              - Undefined Weak Reference
    _clock_init                               - Undefined Weak Reference
    _microlib_exit                            - Undefined Weak Reference
    __Vectors_Size                           0x00000188   Number         0  startup_stm32f4xx.o ABSOLUTE
    __Vectors                                0x08000000   Data           4  startup_stm32f4xx.o(RESET)
    __Vectors_End                            0x08000188   Data           0  startup_stm32f4xx.o(RESET)
    __main                                   0x08000189   Thumb Code     0  entry.o(.ARM.Collect$$$$00000000)
    _main_stk                                0x08000189   Thumb Code     0  entry2.o(.ARM.Collect$$$$00000001)
    _main_scatterload                        0x0800018d   Thumb Code     0  entry5.o(.ARM.Collect$$$$00000004)
    __main_after_scatterload                 0x08000191   Thumb Code     0  entry5.o(.ARM.Collect$$$$00000004)
    _main_clock                              0x08000191   Thumb Code     0  entry7b.o(.ARM.Collect$$$$00000008)
    _main_cpp_init                           0x08000191   Thumb Code     0  entry8b.o(.ARM.Collect$$$$0000000A)
    _main_init                               0x08000191   Thumb Code     0  entry9a.o(.ARM.Collect$$$$0000000B)
    __rt_final_cpp                           0x08000199   Thumb Code     0  entry10a.o(.ARM.Collect$$$$0000000D)
    __rt_final_exit                          0x08000199   Thumb Code     0  entry11a.o(.ARM.Collect$$$$0000000F)
    SVC_Handler                              0x0800019d   Thumb Code    24  port.o(.emb_text)
    __asm___6_port_c_39a90d8d__prvStartFirstTask 0x080001b9   Thumb Code    16  port.o(.emb_text)
    __asm___6_port_c_39a90d8d__prvEnableVFP  0x080001cd   Thumb Code    16  port.o(.emb_text)
    PendSV_Handler                           0x080001e1   Thumb Code    76  port.o(.emb_text)
    ulPortSetInterruptMask                   0x08000231   Thumb Code    14  port.o(.emb_text)
    vPortClearInterruptMask                  0x0800023f   Thumb Code     6  port.o(.emb_text)
    vPortGetIPSR                             0x08000245   Thumb Code     6  port.o(.emb_text)
    Reset_Handler                            0x0800024d   Thumb Code     8  startup_stm32f4xx.o(.text)
    NMI_Handler                              0x08000255   Thumb Code     2  startup_stm32f4xx.o(.text)
    HardFault_Handler                        0x08000257   Thumb Code     2  startup_stm32f4xx.o(.text)
    MemManage_Handler                        0x08000259   Thumb Code     2  startup_stm32f4xx.o(.text)
    BusFault_Handler                         0x0800025b   Thumb Code     2  startup_stm32f4xx.o(.text)
    UsageFault_Handler                       0x0800025d   Thumb Code     2  startup_stm32f4xx.o(.text)
    DebugMon_Handler                         0x08000261   Thumb Code     2  startup_stm32f4xx.o(.text)
    ADC_IRQHandler                           0x08000267   Thumb Code     0  startup_stm32f4xx.o(.text)
    CAN1_RX0_IRQHandler                      0x08000267   Thumb Code     0  startup_stm32f4xx.o(.text)
    CAN1_RX1_IRQHandler                      0x08000267   Thumb Code     0  startup_stm32f4xx.o(.text)
    CAN1_SCE_IRQHandler                      0x08000267   Thumb Code     0  startup_stm32f4xx.o(.text)
    CAN1_TX_IRQHandler                       0x08000267   Thumb Code     0  startup_stm32f4xx.o(.text)
    CAN2_RX0_IRQHandler                      0x08000267   Thumb Code     0  startup_stm32f4xx.o(.text)
    CAN2_RX1_IRQHandler                      0x08000267   Thumb Code     0  startup_stm32f4xx.o(.text)
    CAN2_SCE_IRQHandler                      0x08000267   Thumb Code     0  startup_stm32f4xx.o(.text)
    CAN2_TX_IRQHandler                       0x08000267   Thumb Code     0  startup_stm32f4xx.o(.text)
    CRYP_IRQHandler                          0x08000267   Thumb Code     0  startup_stm32f4xx.o(.text)
    DCMI_IRQHandler                          0x08000267   Thumb Code     0  startup_stm32f4xx.o(.text)
    DMA1_Stream1_IRQHandler                  0x08000267   Thumb Code     0  startup_stm32f4xx.o(.text)
    DMA1_Stream2_IRQHandler                  0x08000267   Thumb Code     0  startup_stm32f4xx.o(.text)
    DMA1_Stream3_IRQHandler                  0x08000267   Thumb Code     0  startup_stm32f4xx.o(.text)
    DMA1_Stream4_IRQHandler                  0x08000267   Thumb Code     0  startup_stm32f4xx.o(.text)
    DMA1_Stream5_IRQHandler                  0x08000267   Thumb Code     0  startup_stm32f4xx.o(.text)
    DMA1_Stream6_IRQHandler                  0x08000267   Thumb Code     0  startup_stm32f4xx.o(.text)
    DMA2_Stream0_IRQHandler                  0x08000267   Thumb Code     0  startup_stm32f4xx.o(.text)
    DMA2_Stream1_IRQHandler                  0x08000267   Thumb Code     0  startup_stm32f4xx.o(.text)
    DMA2_Stream2_IRQHandler                  0x08000267   Thumb Code     0  startup_stm32f4xx.o(.text)
    DMA2_Stream3_IRQHandler                  0x08000267   Thumb Code     0  startup_stm32f4xx.o(.text)
    DMA2_Stream4_IRQHandler                  0x08000267   Thumb Code     0  startup_stm32f4xx.o(.text)
    DMA2_Stream5_IRQHandler                  0x08000267   Thumb Code     0  startup_stm32f4xx.o(.text)
    DMA2_Stream6_IRQHandler                  0x08000267   Thumb Code     0  startup_stm32f4xx.o(.text)
    DMA2_Stream7_IRQHandler                  0x08000267   Thumb Code     0  startup_stm32f4xx.o(.text)
    ETH_IRQHandler                           0x08000267   Thumb Code     0  startup_stm32f4xx.o(.text)
    ETH_WKUP_IRQHandler                      0x08000267   Thumb Code     0  startup_stm32f4xx.o(.text)
    EXTI15_10_IRQHandler                     0x08000267   Thumb Code     0  startup_stm32f4xx.o(.text)
    EXTI1_IRQHandler                         0x08000267   Thumb Code     0  startup_stm32f4xx.o(.text)
    EXTI2_IRQHandler                         0x08000267   Thumb Code     0  startup_stm32f4xx.o(.text)
    EXTI3_IRQHandler                         0x08000267   Thumb Code     0  startup_stm32f4xx.o(.text)
    EXTI4_IRQHandler                         0x08000267   Thumb Code     0  startup_stm32f4xx.o(.text)
    EXTI9_5_IRQHandler                       0x08000267   Thumb Code     0  startup_stm32f4xx.o(.text)
    FLASH_IRQHandler                         0x08000267   Thumb Code     0  startup_stm32f4xx.o(.text)
    FPU_IRQHandler                           0x08000267   Thumb Code     0  startup_stm32f4xx.o(.text)
    FSMC_IRQHandler                          0x08000267   Thumb Code     0  startup_stm32f4xx.o(.text)
    HASH_RNG_IRQHandler                      0x08000267   Thumb Code     0  startup_stm32f4xx.o(.text)
    I2C1_ER_IRQHandler                       0x08000267   Thumb Code     0  startup_stm32f4xx.o(.text)
    I2C1_EV_IRQHandler                       0x08000267   Thumb Code     0  startup_stm32f4xx.o(.text)
    I2C2_ER_IRQHandler                       0x08000267   Thumb Code     0  startup_stm32f4xx.o(.text)
    I2C2_EV_IRQHandler                       0x08000267   Thumb Code     0  startup_stm32f4xx.o(.text)
    I2C3_ER_IRQHandler                       0x08000267   Thumb Code     0  startup_stm32f4xx.o(.text)
    I2C3_EV_IRQHandler                       0x08000267   Thumb Code     0  startup_stm32f4xx.o(.text)
    OTG_FS_IRQHandler                        0x08000267   Thumb Code     0  startup_stm32f4xx.o(.text)
    OTG_FS_WKUP_IRQHandler                   0x08000267   Thumb Code     0  startup_stm32f4xx.o(.text)
    OTG_HS_EP1_IN_IRQHandler                 0x08000267   Thumb Code     0  startup_stm32f4xx.o(.text)
    OTG_HS_EP1_OUT_IRQHandler                0x08000267   Thumb Code     0  startup_stm32f4xx.o(.text)
    OTG_HS_IRQHandler                        0x08000267   Thumb Code     0  startup_stm32f4xx.o(.text)
    OTG_HS_WKUP_IRQHandler                   0x08000267   Thumb Code     0  startup_stm32f4xx.o(.text)
    PVD_IRQHandler                           0x08000267   Thumb Code     0  startup_stm32f4xx.o(.text)
    RCC_IRQHandler                           0x08000267   Thumb Code     0  startup_stm32f4xx.o(.text)
    RTC_Alarm_IRQHandler                     0x08000267   Thumb Code     0  startup_stm32f4xx.o(.text)
    RTC_WKUP_IRQHandler                      0x08000267   Thumb Code     0  startup_stm32f4xx.o(.text)
    SDIO_IRQHandler                          0x08000267   Thumb Code     0  startup_stm32f4xx.o(.text)
    SPI1_IRQHandler                          0x08000267   Thumb Code     0  startup_stm32f4xx.o(.text)
    SPI2_IRQHandler                          0x08000267   Thumb Code     0  startup_stm32f4xx.o(.text)
    TAMP_STAMP_IRQHandler                    0x08000267   Thumb Code     0  startup_stm32f4xx.o(.text)
    TIM1_BRK_TIM9_IRQHandler                 0x08000267   Thumb Code     0  startup_stm32f4xx.o(.text)
    TIM1_CC_IRQHandler                       0x08000267   Thumb Code     0  startup_stm32f4xx.o(.text)
    TIM1_TRG_COM_TIM11_IRQHandler            0x08000267   Thumb Code     0  startup_stm32f4xx.o(.text)
    TIM1_UP_TIM10_IRQHandler                 0x08000267   Thumb Code     0  startup_stm32f4xx.o(.text)
    TIM2_IRQHandler                          0x08000267   Thumb Code     0  startup_stm32f4xx.o(.text)
    TIM3_IRQHandler                          0x08000267   Thumb Code     0  startup_stm32f4xx.o(.text)
    TIM4_IRQHandler                          0x08000267   Thumb Code     0  startup_stm32f4xx.o(.text)
    TIM5_IRQHandler                          0x08000267   Thumb Code     0  startup_stm32f4xx.o(.text)
    TIM6_DAC_IRQHandler                      0x08000267   Thumb Code     0  startup_stm32f4xx.o(.text)
    TIM7_IRQHandler                          0x08000267   Thumb Code     0  startup_stm32f4xx.o(.text)
    TIM8_BRK_TIM12_IRQHandler                0x08000267   Thumb Code     0  startup_stm32f4xx.o(.text)
    TIM8_CC_IRQHandler                       0x08000267   Thumb Code     0  startup_stm32f4xx.o(.text)
    TIM8_TRG_COM_TIM14_IRQHandler            0x08000267   Thumb Code     0  startup_stm32f4xx.o(.text)
    TIM8_UP_TIM13_IRQHandler                 0x08000267   Thumb Code     0  startup_stm32f4xx.o(.text)
    UART4_IRQHandler                         0x08000267   Thumb Code     0  startup_stm32f4xx.o(.text)
    UART5_IRQHandler                         0x08000267   Thumb Code     0  startup_stm32f4xx.o(.text)
    USART1_IRQHandler                        0x08000267   Thumb Code     0  startup_stm32f4xx.o(.text)
    USART2_IRQHandler                        0x08000267   Thumb Code     0  startup_stm32f4xx.o(.text)
    USART3_IRQHandler                        0x08000267   Thumb Code     0  startup_stm32f4xx.o(.text)
    USART6_IRQHandler                        0x08000267   Thumb Code     0  startup_stm32f4xx.o(.text)
    WWDG_IRQHandler                          0x08000267   Thumb Code     0  startup_stm32f4xx.o(.text)
    __aeabi_memset                           0x08000271   Thumb Code    14  memseta.o(.text)
    __aeabi_memset4                          0x08000271   Thumb Code     0  memseta.o(.text)
    __aeabi_memset8                          0x08000271   Thumb Code     0  memseta.o(.text)
    __aeabi_memclr                           0x0800027f   Thumb Code     4  memseta.o(.text)
    __aeabi_memclr4                          0x0800027f   Thumb Code     0  memseta.o(.text)
    __aeabi_memclr8                          0x0800027f   Thumb Code     0  memseta.o(.text)
    _memset$wrapper                          0x08000283   Thumb Code    18  memseta.o(.text)
    __scatterload                            0x08000295   Thumb Code    28  init.o(.text)
    __scatterload_rt2                        0x08000295   Thumb Code     0  init.o(.text)
    AudioFlashPlay                           0x080002b9   Thumb Code    12  waveplayer.o(i.AudioFlashPlay)
    Audio_MAL_Play                           0x0800042d   Thumb Code    66  stm32f4_discovery_audio_codec.o(i.Audio_MAL_Play)
    DAC_Cmd                                  0x080009fd   Thumb Code    20  stm32f4xx_dac.o(i.DAC_Cmd)
    DAC_Config                               0x08000a15   Thumb Code    70  stm32f4_discovery_audio_codec.o(i.DAC_Config)
    DAC_Init                                 0x08000a65   Thumb Code    36  stm32f4xx_dac.o(i.DAC_Init)
    DAC_SetChannel1Data                      0x08000a8d   Thumb Code    14  stm32f4xx_dac.o(i.DAC_SetChannel1Data)
    DMA1_Stream0_IRQHandler                  0x08000aa1   Thumb Code     4  stm32f4_discovery_audio_codec.o(i.DMA1_Stream0_IRQHandler)
    DMA1_Stream7_IRQHandler                  0x08000aa5   Thumb Code     4  stm32f4_discovery_audio_codec.o(i.DMA1_Stream7_IRQHandler)
    DMA_ClearFlag                            0x08000aa9   Thumb Code    32  stm32f4xx_dma.o(i.DMA_ClearFlag)
    DMA_Cmd                                  0x08000ad5   Thumb Code    20  stm32f4xx_dma.o(i.DMA_Cmd)
    DMA_DeInit                               0x08000ae9   Thumb Code   272  stm32f4xx_dma.o(i.DMA_DeInit)
    DMA_GetCmdStatus                         0x08000c0d   Thumb Code    14  stm32f4xx_dma.o(i.DMA_GetCmdStatus)
    DMA_GetFlagStatus                        0x08000c1d   Thumb Code    40  stm32f4xx_dma.o(i.DMA_GetFlagStatus)
    DMA_ITConfig                             0x08000c51   Thumb Code    52  stm32f4xx_dma.o(i.DMA_ITConfig)
    DMA_Init                                 0x08000c85   Thumb Code    80  stm32f4xx_dma.o(i.DMA_Init)
    EVAL_AUDIO_GetSampleCallBack             0x08000ce9   Thumb Code     4  waveplayer.o(i.EVAL_AUDIO_GetSampleCallBack)
    EVAL_AUDIO_Init                          0x08000ced   Thumb Code    40  stm32f4_discovery_audio_codec.o(i.EVAL_AUDIO_Init)
    EVAL_AUDIO_PauseResume                   0x08000d15   Thumb Code   122  stm32f4_discovery_audio_codec.o(i.EVAL_AUDIO_PauseResume)
    EVAL_AUDIO_Play                          0x08000d99   Thumb Code    72  stm32f4_discovery_audio_codec.o(i.EVAL_AUDIO_Play)
    EVAL_AUDIO_SetAudioInterface             0x08000de5   Thumb Code   114  stm32f4_discovery_audio_codec.o(i.EVAL_AUDIO_SetAudioInterface)
    EVAL_AUDIO_TransferComplete_CallBack     0x08000e71   Thumb Code    10  waveplayer.o(i.EVAL_AUDIO_TransferComplete_CallBack)
    EXTI0_IRQHandler                         0x08000e85   Thumb Code    40  stm32f4xx_it.o(i.EXTI0_IRQHandler)
    EXTI_ClearITPendingBit                   0x08000f21   Thumb Code     6  stm32f4xx_exti.o(i.EXTI_ClearITPendingBit)
    EXTI_GetITStatus                         0x08000f2d   Thumb Code    28  stm32f4xx_exti.o(i.EXTI_GetITStatus)
    EXTI_Init                                0x08000f4d   Thumb Code   108  stm32f4xx_exti.o(i.EXTI_Init)
    GPIO_Init                                0x08000fbd   Thumb Code   162  stm32f4xx_gpio.o(i.GPIO_Init)
    GPIO_PinAFConfig                         0x0800105f   Thumb Code    32  stm32f4xx_gpio.o(i.GPIO_PinAFConfig)
    GPIO_WriteBit                            0x0800107f   Thumb Code    10  stm32f4xx_gpio.o(i.GPIO_WriteBit)
    I2C_AcknowledgeConfig                    0x08001089   Thumb Code    20  stm32f4xx_i2c.o(i.I2C_AcknowledgeConfig)
    I2C_CheckEvent                           0x0800109d   Thumb Code    24  stm32f4xx_i2c.o(i.I2C_CheckEvent)
    I2C_ClearFlag                            0x080010b5   Thumb Code     6  stm32f4xx_i2c.o(i.I2C_ClearFlag)
    I2C_Cmd                                  0x080010bb   Thumb Code    20  stm32f4xx_i2c.o(i.I2C_Cmd)
    I2C_DeInit                               0x080010d1   Thumb Code    56  stm32f4xx_i2c.o(i.I2C_DeInit)
    I2C_GenerateSTART                        0x08001115   Thumb Code    20  stm32f4xx_i2c.o(i.I2C_GenerateSTART)
    I2C_GenerateSTOP                         0x08001129   Thumb Code    20  stm32f4xx_i2c.o(i.I2C_GenerateSTOP)
    I2C_GetFlagStatus                        0x0800113d   Thumb Code    42  stm32f4xx_i2c.o(i.I2C_GetFlagStatus)
    I2C_Init                                 0x08001169   Thumb Code   172  stm32f4xx_i2c.o(i.I2C_Init)
    I2C_ReceiveData                          0x0800121d   Thumb Code     6  stm32f4xx_i2c.o(i.I2C_ReceiveData)
    I2C_Send7bitAddress                      0x08001223   Thumb Code    16  stm32f4xx_i2c.o(i.I2C_Send7bitAddress)
    I2C_SendData                             0x08001233   Thumb Code     4  stm32f4xx_i2c.o(i.I2C_SendData)
    I2S_Cmd                                  0x08001237   Thumb Code    20  stm32f4xx_spi.o(i.I2S_Cmd)
    I2S_Init                                 0x0800124d   Thumb Code   190  stm32f4xx_spi.o(i.I2S_Init)
    NVIC_Init                                0x08001315   Thumb Code    92  misc.o(i.NVIC_Init)
    NVIC_PriorityGroupConfig                 0x08001379   Thumb Code    10  misc.o(i.NVIC_PriorityGroupConfig)
    RCC_AHB1PeriphClockCmd                   0x0800138d   Thumb Code    18  stm32f4xx_rcc.o(i.RCC_AHB1PeriphClockCmd)
    RCC_APB1PeriphClockCmd                   0x080013a5   Thumb Code    18  stm32f4xx_rcc.o(i.RCC_APB1PeriphClockCmd)
    RCC_APB1PeriphResetCmd                   0x080013bd   Thumb Code    18  stm32f4xx_rcc.o(i.RCC_APB1PeriphResetCmd)
    RCC_APB2PeriphClockCmd                   0x080013d5   Thumb Code    18  stm32f4xx_rcc.o(i.RCC_APB2PeriphClockCmd)
    RCC_APB2PeriphResetCmd                   0x080013ed   Thumb Code    18  stm32f4xx_rcc.o(i.RCC_APB2PeriphResetCmd)
    RCC_GetClocksFreq                        0x08001405   Thumb Code   132  stm32f4xx_rcc.o(i.RCC_GetClocksFreq)
    SPI3_IRQHandler                          0x08001495   Thumb Code    54  stm32f4_discovery_audio_codec.o(i.SPI3_IRQHandler)
    SPI_I2S_DMACmd                           0x080014d5   Thumb Code    16  stm32f4xx_spi.o(i.SPI_I2S_DMACmd)
    SPI_I2S_DeInit                           0x080014e5   Thumb Code    72  stm32f4xx_spi.o(i.SPI_I2S_DeInit)
    SPI_I2S_GetFlagStatus                    0x08001539   Thumb Code    14  stm32f4xx_spi.o(i.SPI_I2S_GetFlagStatus)
    SPI_I2S_ITConfig                         0x08001547   Thumb Code    24  stm32f4xx_spi.o(i.SPI_I2S_ITConfig)
    SPI_I2S_SendData                         0x0800155f   Thumb Code     4  stm32f4xx_spi.o(i.SPI_I2S_SendData)
    SYSCFG_EXTILineConfig                    0x08001565   Thumb Code    34  stm32f4xx_syscfg.o(i.SYSCFG_EXTILineConfig)
    SysTick_Handler                          0x08001665   Thumb Code    30  port.o(i.SysTick_Handler)
    SystemInit                               0x08001689   Thumb Code    74  system_stm32f4xx.o(i.SystemInit)
    WavePlayBack                             0x080016e5   Thumb Code    40  waveplayer.o(i.WavePlayBack)
    WavePlayerInit                           0x0800171d   Thumb Code    30  waveplayer.o(i.WavePlayerInit)
    __scatterload_copy                       0x08001741   Thumb Code    14  handlers.o(i.__scatterload_copy)
    __scatterload_null                       0x0800174f   Thumb Code     2  handlers.o(i.__scatterload_null)
    __scatterload_zeroinit                   0x08001751   Thumb Code    14  handlers.o(i.__scatterload_zeroinit)
    main                                     0x08001761   Thumb Code    60  main.o(i.main)
    pvPortMalloc                             0x0800182d   Thumb Code   170  heap_2.o(i.pvPortMalloc)
    pxPortInitialiseStack                    0x080018e5   Thumb Code    34  port.o(i.pxPortInitialiseStack)
    uxListRemove                             0x08001907   Thumb Code    36  list.o(i.uxListRemove)
    vListInitialise                          0x0800192b   Thumb Code    22  list.o(i.vListInitialise)
    vListInitialiseItem                      0x08001941   Thumb Code     6  list.o(i.vListInitialiseItem)
    vListInsertEnd                           0x08001947   Thumb Code    24  list.o(i.vListInsertEnd)
    vMaisUmaTask                             0x0800195f   Thumb Code     2  main.o(i.vMaisUmaTask)
    vPlayTask                                0x08001961   Thumb Code    12  main.o(i.vPlayTask)
    vPortEnterCritical                       0x0800196d   Thumb Code    24  port.o(i.vPortEnterCritical)
    vPortExitCritical                        0x08001989   Thumb Code    16  port.o(i.vPortExitCritical)
    vPortFree                                0x0800199d   Thumb Code    56  heap_2.o(i.vPortFree)
    vPortSetupTimerInterrupt                 0x080019d9   Thumb Code    26  port.o(i.vPortSetupTimerInterrupt)
    vPortYield                               0x080019f9   Thumb Code    18  port.o(i.vPortYield)
    vTaskStartScheduler                      0x08001a11   Thumb Code    60  tasks.o(i.vTaskStartScheduler)
    vTaskSuspendAll                          0x08001a5d   Thumb Code    10  tasks.o(i.vTaskSuspendAll)
    vTaskSwitchContext                       0x08001a6d   Thumb Code    78  tasks.o(i.vTaskSwitchContext)
    xPortStartScheduler                      0x08001ac5   Thumb Code   120  port.o(i.xPortStartScheduler)
    xTaskGenericCreate                       0x08001b4d   Thumb Code   372  tasks.o(i.xTaskGenericCreate)
    xTaskIncrementTick                       0x08001cc9   Thumb Code   194  tasks.o(i.xTaskIncrementTick)
    xTaskResumeAll                           0x08001d95   Thumb Code   170  tasks.o(i.xTaskResumeAll)
    AUDIO_SAMPLE                             0x08001e48   Data       1003382  audio_sample.o(.constdata)
    Region$$Table$$Base                      0x080f6dc0   Number         0  anon$$obj.o(Region$$Table)
    Region$$Table$$Limit                     0x080f6de0   Number         0  anon$$obj.o(Region$$Table)
    PauseResumeStatus                        0x20000000   Data           1  stm32f4xx_it.o(.data)
    SystemCoreClock                          0x20000008   Data           4  system_stm32f4xx.o(.data)
    AHBPrescTable                            0x2000000c   Data          16  system_stm32f4xx.o(.data)
    volume                                   0x2000001c   Data           1  waveplayer.o(.data)
    AudioPlayStart                           0x2000001d   Data           1  waveplayer.o(.data)
    OutputDev                                0x20000020   Data           1  stm32f4_discovery_audio_codec.o(.data)
    AudioTotalSize                           0x20000024   Data           4  stm32f4_discovery_audio_codec.o(.data)
    AudioRemSize                             0x20000028   Data           4  stm32f4_discovery_audio_codec.o(.data)
    CODECTimeout                             0x2000002c   Data           4  stm32f4_discovery_audio_codec.o(.data)
    CurrAudioInterface                       0x20000030   Data           4  stm32f4_discovery_audio_codec.o(.data)
    AUDIO_MAL_DMA_CLOCK                      0x20000034   Data           4  stm32f4_discovery_audio_codec.o(.data)
    AUDIO_MAL_DMA_STREAM                     0x20000038   Data           4  stm32f4_discovery_audio_codec.o(.data)
    AUDIO_MAL_DMA_DREG                       0x2000003c   Data           4  stm32f4_discovery_audio_codec.o(.data)
    AUDIO_MAL_DMA_CHANNEL                    0x20000040   Data           4  stm32f4_discovery_audio_codec.o(.data)
    AUDIO_MAL_DMA_IRQ                        0x20000044   Data           4  stm32f4_discovery_audio_codec.o(.data)
    AUDIO_MAL_DMA_FLAG_TC                    0x20000048   Data           4  stm32f4_discovery_audio_codec.o(.data)
    AUDIO_MAL_DMA_FLAG_HT                    0x2000004c   Data           4  stm32f4_discovery_audio_codec.o(.data)
    AUDIO_MAL_DMA_FLAG_FE                    0x20000050   Data           4  stm32f4_discovery_audio_codec.o(.data)
    AUDIO_MAL_DMA_FLAG_TE                    0x20000054   Data           4  stm32f4_discovery_audio_codec.o(.data)
    AUDIO_MAL_DMA_FLAG_DME                   0x20000058   Data           4  stm32f4_discovery_audio_codec.o(.data)
    CurrentPos                               0x2000005c   Data           4  stm32f4_discovery_audio_codec.o(.data)
    pxCurrentTCB                             0x20000070   Data           4  tasks.o(.data)
    DMA_InitStructure                        0x200000cc   Data          60  stm32f4_discovery_audio_codec.o(.bss)
    __initial_sp                             0x200131d0   Data           0  startup_stm32f4xx.o(STACK)



==============================================================================

Memory Map of the image

  Image Entry point : 0x08000189

  Load Region LR_IROM1 (Base: 0x08000000, Size: 0x000f6eac, Max: 0x00100000, ABSOLUTE)

    Execution Region ER_IROM1 (Base: 0x08000000, Size: 0x000f6de0, Max: 0x00100000, ABSOLUTE)

    Base Addr    Size         Type   Attr      Idx    E Section Name        Object

    0x08000000   0x00000188   Data   RO         2634    RESET               startup_stm32f4xx.o
    0x08000188   0x00000000   Code   RO         3098  * .ARM.Collect$$$$00000000  mc_w.l(entry.o)
    0x08000188   0x00000004   Code   RO         3107    .ARM.Collect$$$$00000001  mc_w.l(entry2.o)
    0x0800018c   0x00000004   Code   RO         3110    .ARM.Collect$$$$00000004  mc_w.l(entry5.o)
    0x08000190   0x00000000   Code   RO         3112    .ARM.Collect$$$$00000008  mc_w.l(entry7b.o)
    0x08000190   0x00000000   Code   RO         3114    .ARM.Collect$$$$0000000A  mc_w.l(entry8b.o)
    0x08000190   0x00000008   Code   RO         3115    .ARM.Collect$$$$0000000B  mc_w.l(entry9a.o)
    0x08000198   0x00000000   Code   RO         3117    .ARM.Collect$$$$0000000D  mc_w.l(entry10a.o)
    0x08000198   0x00000000   Code   RO         3119    .ARM.Collect$$$$0000000F  mc_w.l(entry11a.o)
    0x08000198   0x00000004   Code   RO         3108    .ARM.Collect$$$$00002712  mc_w.l(entry2.o)
    0x0800019c   0x000000ae   Code   RO         2999    .emb_text           port.o
    0x0800024a   0x00000002   PAD
    0x0800024c   0x00000024   Code   RO         2635    .text               startup_stm32f4xx.o
    0x08000270   0x00000024   Code   RO         3103    .text               mc_w.l(memseta.o)
    0x08000294   0x00000024   Code   RO         3121    .text               mc_w.l(init.o)
    0x080002b8   0x0000000c   Code   RO          252    i.AudioFlashPlay    waveplayer.o
    0x080002c4   0x0000009c   Code   RO          382    i.Audio_MAL_IRQHandler  stm32f4_discovery_audio_codec.o
    0x08000360   0x000000cc   Code   RO          383    i.Audio_MAL_Init    stm32f4_discovery_audio_codec.o
    0x0800042c   0x00000050   Code   RO          384    i.Audio_MAL_Play    stm32f4_discovery_audio_codec.o
    0x0800047c   0x0000006c   Code   RO          385    i.Codec_AudioInterface_Init  stm32f4_discovery_audio_codec.o
    0x080004e8   0x0000011c   Code   RO          387    i.Codec_GPIO_Init   stm32f4_discovery_audio_codec.o
    0x08000604   0x00000128   Code   RO          388    i.Codec_Init        stm32f4_discovery_audio_codec.o
    0x0800072c   0x00000018   Code   RO          389    i.Codec_Mute        stm32f4_discovery_audio_codec.o
    0x08000744   0x0000016c   Code   RO          390    i.Codec_ReadRegister  stm32f4_discovery_audio_codec.o
    0x080008b0   0x00000028   Code   RO          391    i.Codec_Reset       stm32f4_discovery_audio_codec.o
    0x080008d8   0x00000026   Code   RO          393    i.Codec_VolumeCtrl  stm32f4_discovery_audio_codec.o
    0x080008fe   0x00000002   PAD
    0x08000900   0x000000fc   Code   RO          394    i.Codec_WriteRegister  stm32f4_discovery_audio_codec.o
    0x080009fc   0x00000018   Code   RO          870    i.DAC_Cmd           stm32f4xx_dac.o
    0x08000a14   0x00000050   Code   RO          395    i.DAC_Config        stm32f4_discovery_audio_codec.o
    0x08000a64   0x00000028   Code   RO          878    i.DAC_Init          stm32f4xx_dac.o
    0x08000a8c   0x00000014   Code   RO          879    i.DAC_SetChannel1Data  stm32f4xx_dac.o
    0x08000aa0   0x00000004   Code   RO          396    i.DMA1_Stream0_IRQHandler  stm32f4_discovery_audio_codec.o
    0x08000aa4   0x00000004   Code   RO          397    i.DMA1_Stream7_IRQHandler  stm32f4_discovery_audio_codec.o
    0x08000aa8   0x0000002c   Code   RO          980    i.DMA_ClearFlag     stm32f4xx_dma.o
    0x08000ad4   0x00000014   Code   RO          982    i.DMA_Cmd           stm32f4xx_dma.o
    0x08000ae8   0x00000124   Code   RO          983    i.DMA_DeInit        stm32f4xx_dma.o
    0x08000c0c   0x0000000e   Code   RO          987    i.DMA_GetCmdStatus  stm32f4xx_dma.o
    0x08000c1a   0x00000002   PAD
    0x08000c1c   0x00000034   Code   RO          991    i.DMA_GetFlagStatus  stm32f4xx_dma.o
    0x08000c50   0x00000034   Code   RO          993    i.DMA_ITConfig      stm32f4xx_dma.o
    0x08000c84   0x00000054   Code   RO          994    i.DMA_Init          stm32f4xx_dma.o
    0x08000cd8   0x00000010   Code   RO          398    i.Delay             stm32f4_discovery_audio_codec.o
    0x08000ce8   0x00000004   Code   RO          254    i.EVAL_AUDIO_GetSampleCallBack  waveplayer.o
    0x08000cec   0x00000028   Code   RO          400    i.EVAL_AUDIO_Init   stm32f4_discovery_audio_codec.o
    0x08000d14   0x00000084   Code   RO          402    i.EVAL_AUDIO_PauseResume  stm32f4_discovery_audio_codec.o
    0x08000d98   0x0000004c   Code   RO          403    i.EVAL_AUDIO_Play   stm32f4_discovery_audio_codec.o
    0x08000de4   0x0000008c   Code   RO          404    i.EVAL_AUDIO_SetAudioInterface  stm32f4_discovery_audio_codec.o
    0x08000e70   0x00000014   Code   RO          256    i.EVAL_AUDIO_TransferComplete_CallBack  waveplayer.o
    0x08000e84   0x0000002c   Code   RO          199    i.EXTI0_IRQHandler  stm32f4xx_it.o
    0x08000eb0   0x00000070   Code   RO          257    i.EXTILine_Config   waveplayer.o
    0x08000f20   0x0000000c   Code   RO         1105    i.EXTI_ClearITPendingBit  stm32f4xx_exti.o
    0x08000f2c   0x00000020   Code   RO         1109    i.EXTI_GetITStatus  stm32f4xx_exti.o
    0x08000f4c   0x00000070   Code   RO         1110    i.EXTI_Init         stm32f4xx_exti.o
    0x08000fbc   0x000000a2   Code   RO         1353    i.GPIO_Init         stm32f4xx_gpio.o
    0x0800105e   0x00000020   Code   RO         1354    i.GPIO_PinAFConfig  stm32f4xx_gpio.o
    0x0800107e   0x0000000a   Code   RO         1365    i.GPIO_WriteBit     stm32f4xx_gpio.o
    0x08001088   0x00000014   Code   RO         1447    i.I2C_AcknowledgeConfig  stm32f4xx_i2c.o
    0x0800109c   0x00000018   Code   RO         1449    i.I2C_CheckEvent    stm32f4xx_i2c.o
    0x080010b4   0x00000006   Code   RO         1450    i.I2C_ClearFlag     stm32f4xx_i2c.o
    0x080010ba   0x00000014   Code   RO         1452    i.I2C_Cmd           stm32f4xx_i2c.o
    0x080010ce   0x00000002   PAD
    0x080010d0   0x00000044   Code   RO         1455    i.I2C_DeInit        stm32f4xx_i2c.o
    0x08001114   0x00000014   Code   RO         1459    i.I2C_GenerateSTART  stm32f4xx_i2c.o
    0x08001128   0x00000014   Code   RO         1460    i.I2C_GenerateSTOP  stm32f4xx_i2c.o
    0x0800113c   0x0000002a   Code   RO         1461    i.I2C_GetFlagStatus  stm32f4xx_i2c.o
    0x08001166   0x00000002   PAD
    0x08001168   0x000000b4   Code   RO         1466    i.I2C_Init          stm32f4xx_i2c.o
    0x0800121c   0x00000006   Code   RO         1471    i.I2C_ReceiveData   stm32f4xx_i2c.o
    0x08001222   0x00000010   Code   RO         1473    i.I2C_Send7bitAddress  stm32f4xx_i2c.o
    0x08001232   0x00000004   Code   RO         1474    i.I2C_SendData      stm32f4xx_i2c.o
    0x08001236   0x00000014   Code   RO         1930    i.I2S_Cmd           stm32f4xx_spi.o
    0x0800124a   0x00000002   PAD
    0x0800124c   0x000000c8   Code   RO         1932    i.I2S_Init          stm32f4xx_spi.o
    0x08001314   0x00000064   Code   RO          544    i.NVIC_Init         misc.o
    0x08001378   0x00000014   Code   RO          545    i.NVIC_PriorityGroupConfig  misc.o
    0x0800138c   0x00000018   Code   RO         1654    i.RCC_AHB1PeriphClockCmd  stm32f4xx_rcc.o
    0x080013a4   0x00000018   Code   RO         1663    i.RCC_APB1PeriphClockCmd  stm32f4xx_rcc.o
    0x080013bc   0x00000018   Code   RO         1665    i.RCC_APB1PeriphResetCmd  stm32f4xx_rcc.o
    0x080013d4   0x00000018   Code   RO         1666    i.RCC_APB2PeriphClockCmd  stm32f4xx_rcc.o
    0x080013ec   0x00000018   Code   RO         1668    i.RCC_APB2PeriphResetCmd  stm32f4xx_rcc.o
    0x08001404   0x00000090   Code   RO         1675    i.RCC_GetClocksFreq  stm32f4xx_rcc.o
    0x08001494   0x00000040   Code   RO          407    i.SPI3_IRQHandler   stm32f4_discovery_audio_codec.o
    0x080014d4   0x00000010   Code   RO         1942    i.SPI_I2S_DMACmd    stm32f4xx_spi.o
    0x080014e4   0x00000054   Code   RO         1943    i.SPI_I2S_DeInit    stm32f4xx_spi.o
    0x08001538   0x0000000e   Code   RO         1944    i.SPI_I2S_GetFlagStatus  stm32f4xx_spi.o
    0x08001546   0x00000018   Code   RO         1946    i.SPI_I2S_ITConfig  stm32f4xx_spi.o
    0x0800155e   0x00000004   Code   RO         1948    i.SPI_I2S_SendData  stm32f4xx_spi.o
    0x08001562   0x00000002   PAD
    0x08001564   0x00000028   Code   RO          587    i.SYSCFG_EXTILineConfig  stm32f4xx_syscfg.o
    0x0800158c   0x000000d8   Code   RO          219    i.SetSysClock       system_stm32f4xx.o
    0x08001664   0x00000024   Code   RO         3000    i.SysTick_Handler   port.o
    0x08001688   0x0000005c   Code   RO          221    i.SystemInit        system_stm32f4xx.o
    0x080016e4   0x00000038   Code   RO          258    i.WavePlayBack      waveplayer.o
    0x0800171c   0x00000024   Code   RO          259    i.WavePlayerInit    waveplayer.o
    0x08001740   0x0000000e   Code   RO         3125    i.__scatterload_copy  mc_w.l(handlers.o)
    0x0800174e   0x00000002   Code   RO         3126    i.__scatterload_null  mc_w.l(handlers.o)
    0x08001750   0x0000000e   Code   RO         3127    i.__scatterload_zeroinit  mc_w.l(handlers.o)
    0x0800175e   0x00000002   PAD
    0x08001760   0x00000060   Code   RO          122    i.main              main.o
    0x080017c0   0x00000054   Code   RO         2827    i.prvCheckTasksWaitingTermination  tasks.o
    0x08001814   0x00000018   Code   RO         2828    i.prvIdleTask       tasks.o
    0x0800182c   0x000000b8   Code   RO         3065    i.pvPortMalloc      heap_2.o
    0x080018e4   0x00000022   Code   RO         3001    i.pxPortInitialiseStack  port.o
    0x08001906   0x00000024   Code   RO         2688    i.uxListRemove      list.o
    0x0800192a   0x00000016   Code   RO         2689    i.vListInitialise   list.o
    0x08001940   0x00000006   Code   RO         2690    i.vListInitialiseItem  list.o
    0x08001946   0x00000018   Code   RO         2692    i.vListInsertEnd    list.o
    0x0800195e   0x00000002   Code   RO          123    i.vMaisUmaTask      main.o
    0x08001960   0x0000000c   Code   RO          124    i.vPlayTask         main.o
    0x0800196c   0x0000001c   Code   RO         3003    i.vPortEnterCritical  port.o
    0x08001988   0x00000014   Code   RO         3004    i.vPortExitCritical  port.o
    0x0800199c   0x0000003c   Code   RO         3066    i.vPortFree         heap_2.o
    0x080019d8   0x00000020   Code   RO         3005    i.vPortSetupTimerInterrupt  port.o
    0x080019f8   0x00000018   Code   RO         3007    i.vPortYield        port.o
    0x08001a10   0x0000004c   Code   RO         2840    i.vTaskStartScheduler  tasks.o
    0x08001a5c   0x00000010   Code   RO         2842    i.vTaskSuspendAll   tasks.o
    0x08001a6c   0x00000058   Code   RO         2843    i.vTaskSwitchContext  tasks.o
    0x08001ac4   0x00000088   Code   RO         3008    i.xPortStartScheduler  port.o
    0x08001b4c   0x0000017c   Code   RO         2845    i.xTaskGenericCreate  tasks.o
    0x08001cc8   0x000000cc   Code   RO         2848    i.xTaskIncrementTick  tasks.o
    0x08001d94   0x000000b4   Code   RO         2851    i.xTaskResumeAll    tasks.o
    0x08001e48   0x000f4f76   Data   RO            2    .constdata          audio_sample.o
    0x080f6dbe   0x00000002   PAD
    0x080f6dc0   0x00000020   Data   RO         3123    Region$$Table       anon$$obj.o


    Execution Region RW_IRAM1 (Base: 0x20000000, Size: 0x000131d0, Max: 0x00020000, ABSOLUTE)

    Base Addr    Size         Type   Attr      Idx    E Section Name        Object

    0x20000000   0x00000008   Data   RW          200    .data               stm32f4xx_it.o
    0x20000008   0x00000014   Data   RW          222    .data               system_stm32f4xx.o
    0x2000001c   0x00000002   Data   RW          263    .data               waveplayer.o
    0x2000001e   0x00000002   PAD
    0x20000020   0x00000040   Data   RW          410    .data               stm32f4_discovery_audio_codec.o
    0x20000060   0x00000010   Data   RW         1698    .data               stm32f4xx_rcc.o
    0x20000070   0x00000038   Data   RW         2854    .data               tasks.o
    0x200000a8   0x0000000c   Data   RW         3009    .data               port.o
    0x200000b4   0x00000018   Data   RW         3070    .data               heap_2.o
    0x200000cc   0x0000003c   Zero   RW          408    .bss                stm32f4_discovery_audio_codec.o
    0x20000108   0x000000c8   Zero   RW         2853    .bss                tasks.o
    0x200001d0   0x00012c00   Zero   RW         3069    .bss                heap_2.o
    0x20012dd0   0x00000400   Zero   RW         2632    STACK               startup_stm32f4xx.o


==============================================================================

Image component sizes


      Code (inc. data)   RO Data    RW Data    ZI Data      Debug   Object Name

         0          0    1003382          0          0     269287   audio_sample.o
       244         18          0         24      76800       3075   heap_2.o
        88          0          0          0          0       3692   list.o
       110         36          0          0          0       7714   main.o
       120         18          0          0          0       1619   misc.o
       484         58          0         12          0       7185   port.o
        36          8        392          0       1024        900   startup_stm32f4xx.o
      2402        198          0         64         60      16685   stm32f4_discovery_audio_codec.o
        84         14          0          0          0       2515   stm32f4xx_dac.o
       558         48          0          0          0       6028   stm32f4xx_dma.o
       156         14          0          0          0       2312   stm32f4xx_exti.o
       204          0          0          0          0       2383   stm32f4xx_gpio.o
       426         20          0          0          0       7949   stm32f4xx_i2c.o
        44          4          0          8          0       1057   stm32f4xx_it.o
       264         42          0         16          0       5781   stm32f4xx_rcc.o
       362         22          0          0          0       5197   stm32f4xx_spi.o
        40          6          0          0          0        656   stm32f4xx_syscfg.o
       308         44          0         20          0       1817   system_stm32f4xx.o
      1052         72          0         56        200       9349   tasks.o
       240         36          0          2          0       3970   waveplayer.o

    ----------------------------------------------------------------------
      7236        658    1003808        204      78084     359171   Object Totals
         0          0         32          0          0          0   (incl. Generated)
        14          0          2          2          0          0   (incl. Padding)

    ----------------------------------------------------------------------

      Code (inc. data)   RO Data    RW Data    ZI Data      Debug   Library Member Name

         0          0          0          0          0          0   entry.o
         0          0          0          0          0          0   entry10a.o
         0          0          0          0          0          0   entry11a.o
         8          4          0          0          0          0   entry2.o
         4          0          0          0          0          0   entry5.o
         0          0          0          0          0          0   entry7b.o
         0          0          0          0          0          0   entry8b.o
         8          4          0          0          0          0   entry9a.o
        30          0          0          0          0          0   handlers.o
        36          8          0          0          0         68   init.o
        36          0          0          0          0        108   memseta.o

    ----------------------------------------------------------------------
       124         16          0          0          0        176   Library Totals
         2          0          0          0          0          0   (incl. Padding)

    ----------------------------------------------------------------------

      Code (inc. data)   RO Data    RW Data    ZI Data      Debug   Library Name

       122         16          0          0          0        176   mc_w.l

    ----------------------------------------------------------------------
       124         16          0          0          0        176   Library Totals

    ----------------------------------------------------------------------

==============================================================================


      Code (inc. data)   RO Data    RW Data    ZI Data      Debug   

      7360        674    1003808        204      78084     350147   Grand Totals
      7360        674    1003808        204      78084     350147   ELF Image Totals
      7360        674    1003808        204          0          0   ROM Totals

==============================================================================

    Total RO  Size (Code + RO Data)              1011168 ( 987.47kB)
    Total RW  Size (RW Data + ZI Data)             78288 (  76.45kB)
    Total ROM Size (Code + RO Data + RW Data)    1011372 ( 987.67kB)

==============================================================================

